  console.log
    DEBUG: failureCount at start []

      at Object.log (src/core/network/__tests__/NetworkErrorRecovery.test.ts:56:17)

  console.log
    DEBUG: failureCount at send start []

      at NetworkErrorRecovery.log [as send] (src/core/network/NetworkErrorRecovery.ts:286:13)

  console.log
    DEBUG: circuitState before check peer undefined

      at NetworkErrorRecovery.log [as send] (src/core/network/NetworkErrorRecovery.ts:289:13)

  console.log
    DEBUG: circuit breaker is not open, proceeding

      at NetworkErrorRecovery.log [as send] (src/core/network/NetworkErrorRecovery.ts:296:13)

  console.log
    DEBUG: calling transport.send

      at NetworkErrorRecovery.log [as send] (src/core/network/NetworkErrorRecovery.ts:302:15)

  console.log
    DEBUG: handleError called with nodeId peer error: {
      code: 'DISCONNECTED',
      message: 'Disconnected',
      timestamp: 1748968403927,
      details: '{"nodeId":"peer"}'
    }

      at NetworkErrorRecovery.log [as handleError] (src/core/network/NetworkErrorRecovery.ts:103:13)

  console.log
    DEBUG: incrementFailureCount peer new count: 1 full map: [ [ 'peer', 1 ] ]

      at NetworkErrorRecovery.log [as incrementFailureCount] (src/core/network/NetworkErrorRecovery.ts:145:13)

  console.log
    DEBUG: circuitState after error peer 0

      at NetworkErrorRecovery.log [as send] (src/core/network/NetworkErrorRecovery.ts:321:15)

  console.log
    DEBUG: failureCount at send start []

      at NetworkErrorRecovery.log [as send] (src/core/network/NetworkErrorRecovery.ts:286:13)

  console.log
    DEBUG: circuitState before check peer undefined

      at NetworkErrorRecovery.log [as send] (src/core/network/NetworkErrorRecovery.ts:289:13)

  console.log
    DEBUG: circuit breaker is not open, proceeding

      at NetworkErrorRecovery.log [as send] (src/core/network/NetworkErrorRecovery.ts:296:13)

  console.log
    DEBUG: calling transport.send

      at NetworkErrorRecovery.log [as send] (src/core/network/NetworkErrorRecovery.ts:302:15)

  console.log
    DEBUG: handleError called with nodeId peer error: {
      code: 'DISCONNECTED',
      message: 'Disconnected',
      timestamp: 1748968403997,
      details: '{"nodeId":"peer"}'
    }

      at NetworkErrorRecovery.log [as handleError] (src/core/network/NetworkErrorRecovery.ts:103:13)

  console.log
    DEBUG: incrementFailureCount peer new count: 1 full map: [ [ 'peer', 1 ] ]

      at NetworkErrorRecovery.log [as incrementFailureCount] (src/core/network/NetworkErrorRecovery.ts:145:13)

  console.log
    DEBUG: circuitState after error peer 0

      at NetworkErrorRecovery.log [as send] (src/core/network/NetworkErrorRecovery.ts:321:15)

  console.log
    DEBUG: failureCount at send start []

      at NetworkErrorRecovery.log [as send] (src/core/network/NetworkErrorRecovery.ts:286:13)

  console.log
    DEBUG: circuitState before check peer undefined

      at NetworkErrorRecovery.log [as send] (src/core/network/NetworkErrorRecovery.ts:289:13)

  console.log
    DEBUG: circuit breaker is not open, proceeding

      at NetworkErrorRecovery.log [as send] (src/core/network/NetworkErrorRecovery.ts:296:13)

  console.log
    DEBUG: calling transport.send

      at NetworkErrorRecovery.log [as send] (src/core/network/NetworkErrorRecovery.ts:302:15)

  console.log
    DEBUG: failureCount at send start []

      at NetworkErrorRecovery.log [as send] (src/core/network/NetworkErrorRecovery.ts:286:13)

  console.log
    DEBUG: circuitState before check peer undefined

      at NetworkErrorRecovery.log [as send] (src/core/network/NetworkErrorRecovery.ts:289:13)

  console.log
    DEBUG: circuit breaker is not open, proceeding

      at NetworkErrorRecovery.log [as send] (src/core/network/NetworkErrorRecovery.ts:296:13)

  console.log
    DEBUG: calling transport.send

      at NetworkErrorRecovery.log [as send] (src/core/network/NetworkErrorRecovery.ts:302:15)

  console.log
    DEBUG: failureCount at send start []

      at NetworkErrorRecovery.log [as send] (src/core/network/NetworkErrorRecovery.ts:286:13)

  console.log
    DEBUG: circuitState before check peer undefined

      at NetworkErrorRecovery.log [as send] (src/core/network/NetworkErrorRecovery.ts:289:13)

  console.log
    DEBUG: circuit breaker is not open, proceeding

      at NetworkErrorRecovery.log [as send] (src/core/network/NetworkErrorRecovery.ts:296:13)

  console.log
    DEBUG: failureCount at send start []

      at NetworkErrorRecovery.log [as send] (src/core/network/NetworkErrorRecovery.ts:286:13)

  console.log
    DEBUG: circuitState before check peer undefined

      at NetworkErrorRecovery.log [as send] (src/core/network/NetworkErrorRecovery.ts:289:13)

  console.log
    DEBUG: circuit breaker is not open, proceeding

      at NetworkErrorRecovery.log [as send] (src/core/network/NetworkErrorRecovery.ts:296:13)

  console.log
    DEBUG: calling transport.send

      at NetworkErrorRecovery.log [as send] (src/core/network/NetworkErrorRecovery.ts:302:15)

  console.log
    DEBUG: handleError called with nodeId peer error: {
      code: 'DISCONNECTED',
      message: 'Disconnected',
      timestamp: 1748968404061,
      details: '{"nodeId":"peer"}'
    }

      at NetworkErrorRecovery.log [as handleError] (src/core/network/NetworkErrorRecovery.ts:103:13)

  console.log
    DEBUG: incrementFailureCount peer new count: 1 full map: [ [ 'peer', 1 ] ]

      at NetworkErrorRecovery.log [as incrementFailureCount] (src/core/network/NetworkErrorRecovery.ts:145:13)

  console.log
    DEBUG: circuitState after error peer 0

      at NetworkErrorRecovery.log [as send] (src/core/network/NetworkErrorRecovery.ts:321:15)

  console.log
    DEBUG: failureCount at send start []

      at NetworkErrorRecovery.log [as send] (src/core/network/NetworkErrorRecovery.ts:286:13)

  console.log
    DEBUG: circuitState before check peer undefined

      at NetworkErrorRecovery.log [as send] (src/core/network/NetworkErrorRecovery.ts:289:13)

  console.log
    DEBUG: circuit breaker is not open, proceeding

      at NetworkErrorRecovery.log [as send] (src/core/network/NetworkErrorRecovery.ts:296:13)

  console.log
    DEBUG: calling transport.send

      at NetworkErrorRecovery.log [as send] (src/core/network/NetworkErrorRecovery.ts:302:15)

  console.log
    DEBUG: handleError called with nodeId peer error: {
      code: 'DISCONNECTED',
      message: 'Disconnected',
      timestamp: 1748968404079,
      details: '{"nodeId":"peer"}'
    }

      at NetworkErrorRecovery.log [as handleError] (src/core/network/NetworkErrorRecovery.ts:103:13)

  console.log
    DEBUG: incrementFailureCount peer new count: 1 full map: [ [ 'peer', 1 ] ]

      at NetworkErrorRecovery.log [as incrementFailureCount] (src/core/network/NetworkErrorRecovery.ts:145:13)

  console.log
    DEBUG: circuitState after error peer 0

      at NetworkErrorRecovery.log [as send] (src/core/network/NetworkErrorRecovery.ts:321:15)

node.exe : FAIL jsdom src/core/network/__tests__/NetworkErrorRecovery.test.ts
At C:\Program Files\nodejs\npx.ps1:29 char:3
+   & $NODE_EXE $NPX_CLI_JS $args
+   ~~~~~~~~~~~~~~~~~~~~~~~~~~~~~
    + CategoryInfo          : NotSpecified: (FAIL jsdom src/...ecovery.test.ts:String) [], RemoteException
    + FullyQualifiedErrorId : NativeCommandError
 
  NetworkErrorRecovery
    ├ù should throw when circuit breaker is open for a node (81 ms)
    ├ù should recover after reset timeout and allow send (13 ms)
    ΓêÜ should enforce queue limit and throw when exceeded (50 ms)
    ├ù should apply exponential backoff on retry (17 ms)
    ├ù should emit error and recovered events (16 ms)

  ΓùÅ NetworkErrorRecovery ΓÇ║ should throw when circuit breaker is open for a node

    Disconnected



  ΓùÅ NetworkErrorRecovery ΓÇ║ should recover after reset timeout and allow send

    Disconnected



  ΓùÅ NetworkErrorRecovery ΓÇ║ should apply exponential backoff on retry

    Disconnected



  ΓùÅ NetworkErrorRecovery ΓÇ║ should emit error and recovered events

    Disconnected



-------------------------------------------------------------------------------------------------------------------|---------|----------|---------|---------|-------------------------------------------------------------------------------------------------------------------------------------------------------
File                                                                                                               | % Stmts | % Branch | % Funcs | % Lines | Uncovered Line #s                                                                                                                                     
-------------------------------------------------------------------------------------------------------------------|---------|----------|---------|---------|-------------------------------------------------------------------------------------------------------------------------------------------------------
All files                                                                                                          |    0.16 |      1.6 |    1.01 |    0.16 |                                                                                                                                                       
 __tests__/mocks                                                                                                   |       0 |        0 |       0 |       0 |                                                                                                                                                       
  emptyMock.js                                                                                                     |       0 |        0 |       0 |       0 | 1                                                                                                                                                     
  fileMock.js                                                                                                      |       0 |        0 |       0 |       0 | 1-2                                                                                                                                                   
  handlers.ts                                                                                                      |       0 |        0 |       0 |       0 | 1-82                                                                                                                                                  
  server.ts                                                                                                        |       0 |        0 |       0 |       0 | 1-6                                                                                                                                                   
 ai/game-analysis                                                                                                  |       0 |        0 |       0 |       0 |                                                                                                                                                       
  GameAnalysisService.ts                                                                                           |       0 |        0 |       0 |       0 | 1-151                                                                                                                                                 
 ai/real-time                                                                                                      |       0 |        0 |       0 |       0 |                                                                                                                                                       
  RealTimeAnalysisService.ts                                                                                       |       0 |        0 |       0 |       0 | 1-127                                                                                                                                                 
 ai/shot-analysis                                                                                                  |       0 |        0 |       0 |       0 |                                                                                                                                                       
  ShotAnalysisModel.ts                                                                                             |       0 |        0 |       0 |       0 | 1-350                                                                                                                                                 
  ShotAnalysisService.ts                                                                                           |       0 |        0 |       0 |       0 | 1-97                                                                                                                                                  
  ShotFeedbackService.ts                                                                                           |       0 |        0 |       0 |       0 | 1-127                                                                                                                                                 
  ShotPerformanceAnalyzer.ts                                                                                       |       0 |        0 |       0 |       0 | 1-274                                                                                                                                                 
  TrainingService.ts                                                                                               |       0 |        0 |       0 |       0 | 1-358                                                                                                                                                 
 ai/types                                                                                                          |       0 |        0 |       0 |       0 |                                                                                                                                                       
  game.ts                                                                                                          |       0 |        0 |       0 |       0 | 1-36                                                                                                                                                  
 backend                                                                                                           |       0 |        0 |       0 |       0 |                                                                                                                                                       
  index.ts                                                                                                         |       0 |        0 |       0 |       0 | 1-252                                                                                                                                                 
 components/ErrorPages                                                                                             |       0 |        0 |       0 |       0 |                                                                                                                                                       
  Error404.tsx                                                                                                     |       0 |        0 |       0 |       0 | 1-42                                                                                                                                                  
  Error500.tsx                                                                                                     |       0 |        0 |       0 |       0 | 1-42                                                                                                                                                  
 components/achievements                                                                                           |       0 |        0 |       0 |       0 |                                                                                                                                                       
  AchievementUnlock.tsx                                                                                            |       0 |        0 |       0 |       0 | 1                                                                                                                                                     
 components/alerts                                                                                                 |       0 |        0 |       0 |       0 |                                                                                                                                                       
  AlertActions.tsx                                                                                                 |       0 |        0 |       0 |       0 | 1-89                                                                                                                                                  
  AlertAnalyticsDashboard.tsx                                                                                      |       0 |        0 |       0 |       0 | 1-1003                                                                                                                                                
  AlertExport.tsx                                                                                                  |       0 |        0 |       0 |       0 | 1-246                                                                                                                                                 
  AlertItemOptimized.tsx                                                                                           |       0 |        0 |       0 |       0 | 1-250                                                                                                                                                 
  AlertWebSocketProvider.tsx                                                                                       |       0 |        0 |       0 |       0 | 1-88                                                                                                                                                  
  RealTimeAlertList.tsx                                                                                            |       0 |        0 |       0 |       0 | 1-377                                                                                                                                                 
 components/analysis                                                                                               |       0 |        0 |       0 |       0 |                                                                                                                                                       
  GameAnalysisView.tsx                                                                                             |       0 |        0 |       0 |       0 | 1-471                                                                                                                                                 
  PerformanceInsights.tsx                                                                                          |       0 |        0 |       0 |       0 | 1-113                                                                                                                                                 
  TimelineChart.tsx                                                                                                |       0 |        0 |       0 |       0 | 1-62                                                                                                                                                  
 components/analytics                                                                                              |       0 |        0 |       0 |       0 |                                                                                                                                                       
  AnalyticsDashboard.tsx                                                                                           |       0 |        0 |       0 |       0 | 1-25                                                                                                                                                  
 components/app-store                                                                                              |       0 |        0 |       0 |       0 |                                                                                                                                                       
  ScreenshotTemplate.tsx                                                                                           |       0 |        0 |       0 |       0 | 1-58                                                                                                                                                  
 components/auth                                                                                                   |       0 |        0 |       0 |       0 |                                                                                                                                                       
  AuthContext.tsx                                                                                                  |       0 |        0 |       0 |       0 | 1-146                                                                                                                                                 
  Login.tsx                                                                                                        |       0 |        0 |       0 |       0 | 1-243                                                                                                                                                 
  PlayerRegistration.tsx                                                                                           |       0 |        0 |       0 |       0 | 1-501                                                                                                                                                 
  ProfileCompletion.tsx                                                                                            |       0 |        0 |       0 |       0 | 1-205                                                                                                                                                 
  ProtectedRoute.tsx                                                                                               |       0 |        0 |       0 |       0 | 1-53                                                                                                                                                  
  ResetPassword.tsx                                                                                                |       0 |        0 |       0 |       0 | 1-175                                                                                                                                                 
  Signup.tsx                                                                                                       |       0 |        0 |       0 |       0 | 1-304                                                                                                                                                 
  SocialSignIn.tsx                                                                                                 |       0 |        0 |       0 |       0 | 1-173                                                                                                                                                 
  TwoFactorSetup.tsx                                                                                               |       0 |        0 |       0 |       0 | 1-242                                                                                                                                                 
 components/avatar                                                                                                 |       0 |        0 |       0 |       0 |                                                                                                                                                       
  AvatarCustomization.tsx                                                                                          |       0 |        0 |       0 |       0 | 1-73                                                                                                                                                  
 components/common                                                                                                 |       0 |        0 |       0 |       0 |                                                                                                                                                       
  DarkModeToggle.tsx                                                                                               |       0 |        0 |       0 |       0 | 1-60                                                                                                                                                  
  ErrorBoundary.tsx                                                                                                |       0 |        0 |       0 |       0 | 1-130                                                                                                                                                 
  ImageUpload.tsx                                                                                                  |       0 |        0 |       0 |       0 | 1-195                                                                                                                                                 
  InfiniteScroll.tsx                                                                                               |       0 |        0 |       0 |       0 | 1-127                                                                                                                                                 
  LoadingSkeleton.tsx                                                                                              |       0 |        0 |       0 |       0 | 1                                                                                                                                                     
  LoadingSkeletons.tsx                                                                                             |       0 |        0 |       0 |       0 | 1-27                                                                                                                                                  
  MobileDatePicker.tsx                                                                                             |       0 |        0 |       0 |       0 | 1-199                                                                                                                                                 
  MobileForm.tsx                                                                                                   |       0 |        0 |       0 |       0 | 1-559                                                                                                                                                 
  MobileTimePicker.tsx                                                                                             |       0 |        0 |       0 |       0 | 1-179                                                                                                                                                 
  ResponsiveTable.tsx                                                                                              |       0 |        0 |       0 |       0 | 1                                                                                                                                                     
  TabPanel.tsx                                                                                                     |       0 |        0 |       0 |       0 | 1-27                                                                                                                                                  
  ToastNotification.tsx                                                                                            |       0 |        0 |       0 |       0 | 1                                                                                                                                                     
 components/dashboard                                                                                              |       0 |        0 |       0 |       0 |                                                                                                                                                       
  Dashboard.tsx                                                                                                    |       0 |        0 |       0 |       0 | 1-356                                                                                                                                                 
  DependencyMetricsDashboard.tsx                                                                                   |       0 |        0 |       0 |       0 | 1-188                                                                                                                                                 
 components/feedback                                                                                               |       0 |        0 |       0 |       0 |                                                                                                                                                       
  FeedbackAnalytics.tsx                                                                                            |       0 |        0 |       0 |       0 | 1-181                                                                                                                                                 
  FeedbackForm.tsx                                                                                                 |       0 |        0 |       0 |       0 | 1-161                                                                                                                                                 
 components/game                                                                                                   |       0 |        0 |       0 |       0 |                                                                                                                                                       
  GameBoard.tsx                                                                                                    |       0 |        0 |       0 |       0 | 1-183                                                                                                                                                 
  GameControls.tsx                                                                                                 |       0 |        0 |       0 |       0 | 1-187                                                                                                                                                 
  GamePlay.tsx                                                                                                     |       0 |        0 |       0 |       0 | 1-253                                                                                                                                                 
  GameSpectate.tsx                                                                                                 |       0 |        0 |       0 |       0 | 1-263                                                                                                                                                 
  GameTracker.tsx                                                                                                  |       0 |        0 |       0 |       0 | 1-233                                                                                                                                                 
  GameView.tsx                                                                                                     |       0 |        0 |       0 |       0 | 1-139                                                                                                                                                 
  ShotAnalysis.tsx                                                                                                 |       0 |        0 |       0 |       0 | 1-245                                                                                                                                                 
 components/home                                                                                                   |       0 |        0 |       0 |       0 |                                                                                                                                                       
  LandingPage.tsx                                                                                                  |       0 |        0 |       0 |       0 | 1-177                                                                                                                                                 
 components/layout                                                                                                 |       0 |        0 |       0 |       0 |                                                                                                                                                       
  AuthenticatedLayout.tsx                                                                                          |       0 |        0 |       0 |       0 | 1-96                                                                                                                                                  
  Footer.tsx                                                                                                       |       0 |        0 |       0 |       0 | 1-173                                                                                                                                                 
  Layout.tsx                                                                                                       |       0 |        0 |       0 |       0 | 1-30                                                                                                                                                  
  MainLayout.tsx                                                                                                   |       0 |        0 |       0 |       0 | 1-145                                                                                                                                                 
  MobileLayout.tsx                                                                                                 |       0 |        0 |       0 |       0 | 1-286                                                                                                                                                 
  Navbar.tsx                                                                                                       |       0 |        0 |       0 |       0 | 1-73                                                                                                                                                  
 components/monitoring                                                                                             |       0 |        0 |       0 |       0 |                                                                                                                                                       
  PerformanceDashboard.tsx                                                                                         |       0 |        0 |       0 |       0 | 1-289                                                                                                                                                 
  PerformanceMonitorDashboard.tsx                                                                                  |       0 |        0 |       0 |       0 | 1-181                                                                                                                                                 
 components/optimization                                                                                           |       0 |        0 |       0 |       0 |                                                                                                                                                       
  APIOptimizationDashboard.tsx                                                                                     |       0 |        0 |       0 |       0 | 1-348                                                                                                                                                 
  BundleOptimizationDashboard.tsx                                                                                  |       0 |        0 |       0 |       0 | 1-268                                                                                                                                                 
  CDNCostOptimizationDashboard.tsx                                                                                 |       0 |        0 |       0 |       0 | 1-392                                                                                                                                                 
  DependencySizeBarChart.tsx                                                                                       |       0 |        0 |       0 |       0 | 1-49                                                                                                                                                  
  ImageOptimizationDashboard.tsx                                                                                   |       0 |        0 |       0 |       0 | 1-455                                                                                                                                                 
  LargeChunksList.tsx                                                                                              |       0 |        0 |       0 |       0 | 1-52                                                                                                                                                  
  OptimizationSuggestionsList.tsx                                                                                  |       0 |        0 |       0 |       0 | 1-23                                                                                                                                                  
  PerformanceMonitorDashboard.tsx                                                                                  |       0 |        0 |       0 |       0 | 1-394                                                                                                                                                 
  QueryOptimizationDashboard.tsx                                                                                   |       0 |        0 |       0 |       0 | 1-321                                                                                                                                                 
 components/shot-analysis                                                                                          |       0 |        0 |       0 |       0 |                                                                                                                                                       
  ShotFeedback.tsx                                                                                                 |       0 |        0 |       0 |       0 | 1-68                                                                                                                                                  
  ShotTracker.tsx                                                                                                  |       0 |        0 |       0 |       0 | 1-109                                                                                                                                                 
 components/social                                                                                                 |       0 |        0 |       0 |       0 |                                                                                                                                                       
  FriendSuggestions.tsx                                                                                            |       0 |        0 |       0 |       0 | 1-144                                                                                                                                                 
  Friends.tsx                                                                                                      |       0 |        0 |       0 |       0 | 1-235                                                                                                                                                 
  Messages.tsx                                                                                                     |       0 |        0 |       0 |       0 | 1                                                                                                                                                     
  ShareCard.tsx                                                                                                    |       0 |        0 |       0 |       0 | 1-151                                                                                                                                                 
  SocialFeed.tsx                                                                                                   |       0 |        0 |       0 |       0 | 1-478                                                                                                                                                 
  UserProfile.tsx                                                                                                  |       0 |        0 |       0 |       0 | 1-228                                                                                                                                                 
  index.ts                                                                                                         |       0 |        0 |       0 |       0 | 1-3                                                                                                                                                   
 components/tournament                                                                                             |       0 |        0 |       0 |       0 |                                                                                                                                                       
  MatchList.tsx                                                                                                    |       0 |        0 |       0 |       0 | 1-72                                                                                                                                                  
  MatchScheduler.tsx                                                                                               |       0 |        0 |       0 |       0 | 1-273                                                                                                                                                 
  TournamentBracket.tsx                                                                                            |       0 |        0 |       0 |       0 | 1-229                                                                                                                                                 
  TournamentCheckIn.tsx                                                                                            |       0 |        0 |       0 |       0 | 1-177                                                                                                                                                 
  TournamentDiscovery.tsx                                                                                          |       0 |        0 |       0 |       0 | 1-238                                                                                                                                                 
  TournamentList.tsx                                                                                               |       0 |        0 |       0 |       0 | 1-138                                                                                                                                                 
  TournamentRegistration.tsx                                                                                       |       0 |        0 |       0 |       0 | 1-295                                                                                                                                                 
 components/tournaments                                                                                            |       0 |        0 |       0 |       0 |                                                                                                                                                       
  TournamentDetail.tsx                                                                                             |       0 |        0 |       0 |       0 | 1-602                                                                                                                                                 
  TournamentList.tsx                                                                                               |       0 |        0 |       0 |       0 | 1-153                                                                                                                                                 
  TournamentView.tsx                                                                                               |       0 |        0 |       0 |       0 | 1-347                                                                                                                                                 
 components/venue                                                                                                  |       0 |        0 |       0 |       0 |                                                                                                                                                       
  VenueDashboard.tsx                                                                                               |       0 |        0 |       0 |       0 | 1-267                                                                                                                                                 
 components/wallet                                                                                                 |       0 |        0 |       0 |       0 |                                                                                                                                                       
  EarnedNftsDisplay.tsx                                                                                            |       0 |        0 |       0 |       0 | 1-52                                                                                                                                                  
  NftDetailView.tsx                                                                                                |       0 |        0 |       0 |       0 | 1-62                                                                                                                                                  
  TransferDialog.tsx                                                                                               |       0 |        0 |       0 |       0 | 1-151                                                                                                                                                 
  WalletDashboard.tsx                                                                                              |       0 |        0 |       0 |       0 | 1-166                                                                                                                                                 
  WalletStats.tsx                                                                                                  |       0 |        0 |       0 |       0 | 1-119                                                                                                                                                 
  WalletTransactionList.tsx                                                                                        |       0 |        0 |       0 |       0 | 1-102                                                                                                                                                 
 config                                                                                                            |       0 |        0 |       0 |       0 |                                                                                                                                                       
  analytics.ts                                                                                                     |       0 |        0 |       0 |       0 | 1-422                                                                                                                                                 
  backup.ts                                                                                                        |       0 |        0 |       0 |       0 | 1-152                                                                                                                                                 
  cdn.js                                                                                                           |       0 |        0 |       0 |       0 | 1-58                                                                                                                                                  
  cdn.ts                                                                                                           |       0 |        0 |       0 |       0 | 1-115                                                                                                                                                 
  data.ts                                                                                                          |       0 |        0 |       0 |       0 | 1-29                                                                                                                                                  
  database.ts                                                                                                      |       0 |        0 |       0 |       0 | 1-178                                                                                                                                                 
  performance.ts                                                                                                   |       0 |        0 |       0 |       0 | 1-287                                                                                                                                                 
  security.ts                                                                                                      |       0 |        0 |       0 |       0 | 1-233                                                                                                                                                 
  ssl.ts                                                                                                           |       0 |        0 |       0 |       0 | 1-91                                                                                                                                                  
 contexts                                                                                                          |       0 |        0 |       0 |       0 |                                                                                                                                                       
  KeyboardNavigationContext.tsx                                                                                    |       0 |        0 |       0 |       0 | 1-71                                                                                                                                                  
 core/consensus                                                                                                    |       0 |        0 |       0 |       0 |                                                                                                                                                       
  ConsensusManager.ts                                                                                              |       0 |        0 |       0 |       0 | 1-479                                                                                                                                                 
  ConsensusProtocol.ts                                                                                             |       0 |        0 |       0 |       0 | 1-391                                                                                                                                                 
  RaftConsensus.ts                                                                                                 |       0 |        0 |       0 |       0 | 1-228                                                                                                                                                 
  types.ts                                                                                                         |       0 |        0 |       0 |       0 | 1-56                                                                                                                                                  
 core/consistency                                                                                                  |       0 |        0 |       0 |       0 |                                                                                                                                                       
  CRDT.ts                                                                                                          |       0 |        0 |       0 |       0 | 1-184                                                                                                                                                 
  VectorClock.ts                                                                                                   |       0 |        0 |       0 |       0 | 1-141                                                                                                                                                 
 core/game                                                                                                         |       0 |        0 |       0 |       0 |                                                                                                                                                       
  GameState.ts                                                                                                     |       0 |        0 |       0 |       0 | 1-1293                                                                                                                                                
 core/integration                                                                                                  |       0 |        0 |       0 |       0 |                                                                                                                                                       
  NetworkIntegration.ts                                                                                            |       0 |        0 |       0 |       0 | 1-203                                                                                                                                                 
 core/monitoring                                                                                                   |       0 |        0 |       0 |       0 |                                                                                                                                                       
  cache.ts                                                                                                         |       0 |        0 |       0 |       0 | 1-100                                                                                                                                                 
  performance.ts                                                                                                   |       0 |        0 |       0 |       0 | 1-137                                                                                                                                                 
  system_metrics.ts                                                                                                |       0 |        0 |       0 |       0 | 1-115                                                                                                                                                 
 core/network                                                                                                      |   24.66 |    59.37 |   41.37 |   24.66 |                                                                                                                                                       
  NetworkConsensusIntegration.ts                                                                                   |       0 |        0 |       0 |       0 | 1-182                                                                                                                                                 
  NetworkErrorRecovery.ts                                                                                          |   64.34 |    65.38 |      48 |   64.34 | 93-99,111-113,116-118,121-126,129-130,138-139,149-151,161,163-169,173-178,181-183,186-193,198,210-220,223-243,246-259,262-278,293-295,323-325,333-334 
  NetworkTransport.ts                                                                                              |       0 |        0 |       0 |       0 | 1-541                                                                                                                                                 
  NodeManager.ts                                                                                                   |       0 |        0 |       0 |       0 | 1-75                                                                                                                                                  
  WebSocketTransport.ts                                                                                            |       0 |        0 |       0 |       0 | 1-96                                                                                                                                                  
  types.ts                                                                                                         |     100 |      100 |     100 |     100 |                                                                                                                                                       
 core/network/metrics                                                                                              |       0 |        0 |       0 |       0 |                                                                                                                                                       
  MetricsServer.ts                                                                                                 |       0 |        0 |       0 |       0 | 1-119                                                                                                                                                 
  NetworkMetricsCollector.ts                                                                                       |       0 |        0 |       0 |       0 | 1-119                                                                                                                                                 
  NetworkMetricsDashboard.tsx                                                                                      |       0 |        0 |       0 |       0 | 1-242                                                                                                                                                 
 core/replication                                                                                                  |       0 |        0 |       0 |       0 |                                                                                                                                                       
  StateReplicator.ts                                                                                               |       0 |        0 |       0 |       0 | 1-92                                                                                                                                                  
 dojopool/.venv/Lib/site-packages/flask_debugtoolbar/static/codemirror                                             |       0 |        0 |       0 |       0 |                                                                                                                                                       
  codemirror.js                                                                                                    |       0 |        0 |       0 |       0 | 1-2972                                                                                                                                                
 dojopool/.venv/Lib/site-packages/flask_debugtoolbar/static/codemirror/mode/clike                                  |       0 |        0 |       0 |       0 |                                                                                                                                                       
  clike.js                                                                                                         |       0 |        0 |       0 |       0 | 1-234                                                                                                                                                 
 dojopool/.venv/Lib/site-packages/flask_debugtoolbar/static/codemirror/mode/clojure                                |       0 |        0 |       0 |       0 |                                                                                                                                                       
  clojure.js                                                                                                       |       0 |        0 |       0 |       0 | 1-207                                                                                                                                                 
 dojopool/.venv/Lib/site-packages/flask_debugtoolbar/static/codemirror/mode/coffeescript                           |       0 |        0 |       0 |       0 |                                                                                                                                                       
  coffeescript.js                                                                                                  |       0 |        0 |       0 |       0 | 1-341                                                                                                                                                 
 dojopool/.venv/Lib/site-packages/flask_debugtoolbar/static/codemirror/mode/css                                    |       0 |        0 |       0 |       0 |                                                                                                                                                       
  css.js                                                                                                           |       0 |        0 |       0 |       0 | 1-124                                                                                                                                                 
 dojopool/.venv/Lib/site-packages/flask_debugtoolbar/static/codemirror/mode/diff                                   |       0 |        0 |       0 |       0 |                                                                                                                                                       
  diff.js                                                                                                          |       0 |        0 |       0 |       0 | 1-13                                                                                                                                                  
 dojopool/.venv/Lib/site-packages/flask_debugtoolbar/static/codemirror/mode/ecl                                    |       0 |        0 |       0 |       0 |                                                                                                                                                       
  ecl.js                                                                                                           |       0 |        0 |       0 |       0 | 1-203                                                                                                                                                 
 dojopool/.venv/Lib/site-packages/flask_debugtoolbar/static/codemirror/mode/gfm                                    |       0 |        0 |       0 |       0 |                                                                                                                                                       
  gfm.js                                                                                                           |       0 |        0 |       0 |       0 | 1-108                                                                                                                                                 
 dojopool/.venv/Lib/site-packages/flask_debugtoolbar/static/codemirror/mode/go                                     |       0 |        0 |       0 |       0 |                                                                                                                                                       
  go.js                                                                                                            |       0 |        0 |       0 |       0 | 1-170                                                                                                                                                 
 dojopool/.venv/Lib/site-packages/flask_debugtoolbar/static/codemirror/mode/groovy                                 |       0 |        0 |       0 |       0 |                                                                                                                                                       
  groovy.js                                                                                                        |       0 |        0 |       0 |       0 | 1-210                                                                                                                                                 
 dojopool/.venv/Lib/site-packages/flask_debugtoolbar/static/codemirror/mode/haskell                                |       0 |        0 |       0 |       0 |                                                                                                                                                       
  haskell.js                                                                                                       |       0 |        0 |       0 |       0 | 1-242                                                                                                                                                 
 dojopool/.venv/Lib/site-packages/flask_debugtoolbar/static/codemirror/mode/htmlembedded                           |       0 |        0 |       0 |       0 |                                                                                                                                                       
  htmlembedded.js                                                                                                  |       0 |        0 |       0 |       0 | 1-68                                                                                                                                                  
 dojopool/.venv/Lib/site-packages/flask_debugtoolbar/static/codemirror/mode/htmlmixed                              |       0 |        0 |       0 |       0 |                                                                                                                                                       
  htmlmixed.js                                                                                                     |       0 |        0 |       0 |       0 | 1-83                                                                                                                                                  
 dojopool/.venv/Lib/site-packages/flask_debugtoolbar/static/codemirror/mode/javascript                             |       0 |        0 |       0 |       0 |                                                                                                                                                       
  javascript.js                                                                                                    |       0 |        0 |       0 |       0 | 1-360                                                                                                                                                 
 dojopool/.venv/Lib/site-packages/flask_debugtoolbar/static/codemirror/mode/jinja2                                 |       0 |        0 |       0 |       0 |                                                                                                                                                       
  jinja2.js                                                                                                        |       0 |        0 |       0 |       0 | 1-51                                                                                                                                                  
 dojopool/.venv/Lib/site-packages/flask_debugtoolbar/static/codemirror/mode/less                                   |       0 |        0 |       0 |       0 |                                                                                                                                                       
  less.js                                                                                                          |       0 |        0 |       0 |       0 | 1-218                                                                                                                                                 
 dojopool/.venv/Lib/site-packages/flask_debugtoolbar/static/codemirror/mode/lua                                    |       0 |        0 |       0 |       0 |                                                                                                                                                       
  lua.js                                                                                                           |       0 |        0 |       0 |       0 | 1-140                                                                                                                                                 
 dojopool/.venv/Lib/site-packages/flask_debugtoolbar/static/codemirror/mode/markdown                               |       0 |        0 |       0 |       0 |                                                                                                                                                       
  markdown.js                                                                                                      |       0 |        0 |       0 |       0 | 1-245                                                                                                                                                 
 dojopool/.venv/Lib/site-packages/flask_debugtoolbar/static/codemirror/mode/mysql                                  |       0 |        0 |       0 |       0 |                                                                                                                                                       
  mysql.js                                                                                                         |       0 |        0 |       0 |       0 | 1-188                                                                                                                                                 
 dojopool/.venv/Lib/site-packages/flask_debugtoolbar/static/codemirror/mode/ntriples                               |       0 |        0 |       0 |       0 |                                                                                                                                                       
  ntriples.js                                                                                                      |       0 |        0 |       0 |       0 | 1-172                                                                                                                                                 
 dojopool/.venv/Lib/site-packages/flask_debugtoolbar/static/codemirror/mode/pascal                                 |       0 |        0 |       0 |       0 |                                                                                                                                                       
  pascal.js                                                                                                        |       0 |        0 |       0 |       0 | 1-94                                                                                                                                                  
 dojopool/.venv/Lib/site-packages/flask_debugtoolbar/static/codemirror/mode/perl                                   |       0 |        0 |       0 |       0 |                                                                                                                                                       
  perl.js                                                                                                          |       0 |        0 |       0 |       0 | 1-816                                                                                                                                                 
 dojopool/.venv/Lib/site-packages/flask_debugtoolbar/static/codemirror/mode/php                                    |       0 |        0 |       0 |       0 |                                                                                                                                                       
  php.js                                                                                                           |       0 |        0 |       0 |       0 | 1-150                                                                                                                                                 
 dojopool/.venv/Lib/site-packages/flask_debugtoolbar/static/codemirror/mode/plsql                                  |       0 |        0 |       0 |       0 |                                                                                                                                                       
  plsql.js                                                                                                         |       0 |        0 |       0 |       0 | 1-217                                                                                                                                                 
 dojopool/.venv/Lib/site-packages/flask_debugtoolbar/static/codemirror/mode/properties                             |       0 |        0 |       0 |       0 |                                                                                                                                                       
  properties.js                                                                                                    |       0 |        0 |       0 |       0 | 1-63                                                                                                                                                  
 dojopool/.venv/Lib/site-packages/flask_debugtoolbar/static/codemirror/mode/python                                 |       0 |        0 |       0 |       0 |                                                                                                                                                       
  python.js                                                                                                        |       0 |        0 |       0 |       0 | 1-340                                                                                                                                                 
 dojopool/.venv/Lib/site-packages/flask_debugtoolbar/static/codemirror/mode/r                                      |       0 |        0 |       0 |       0 |                                                                                                                                                       
  r.js                                                                                                             |       0 |        0 |       0 |       0 | 1-141                                                                                                                                                 
 dojopool/.venv/Lib/site-packages/flask_debugtoolbar/static/codemirror/mode/rpm/changes                            |       0 |        0 |       0 |       0 |                                                                                                                                                       
  changes.js                                                                                                       |       0 |        0 |       0 |       0 | 1-19                                                                                                                                                  
 dojopool/.venv/Lib/site-packages/flask_debugtoolbar/static/codemirror/mode/rpm/spec                               |       0 |        0 |       0 |       0 |                                                                                                                                                       
  spec.js                                                                                                          |       0 |        0 |       0 |       0 | 1-66                                                                                                                                                  
 dojopool/.venv/Lib/site-packages/flask_debugtoolbar/static/codemirror/mode/rst                                    |       0 |        0 |       0 |       0 |                                                                                                                                                       
  rst.js                                                                                                           |       0 |        0 |       0 |       0 | 1-326                                                                                                                                                 
 dojopool/.venv/Lib/site-packages/flask_debugtoolbar/static/codemirror/mode/ruby                                   |       0 |        0 |       0 |       0 |                                                                                                                                                       
  ruby.js                                                                                                          |       0 |        0 |       0 |       0 | 1-199                                                                                                                                                 
 dojopool/.venv/Lib/site-packages/flask_debugtoolbar/static/codemirror/mode/rust                                   |       0 |        0 |       0 |       0 |                                                                                                                                                       
  rust.js                                                                                                          |       0 |        0 |       0 |       0 | 1-432                                                                                                                                                 
 dojopool/.venv/Lib/site-packages/flask_debugtoolbar/static/codemirror/mode/scheme                                 |       0 |        0 |       0 |       0 |                                                                                                                                                       
  scheme.js                                                                                                        |       0 |        0 |       0 |       0 | 1-202                                                                                                                                                 
 dojopool/.venv/Lib/site-packages/flask_debugtoolbar/static/codemirror/mode/smalltalk                              |       0 |        0 |       0 |       0 |                                                                                                                                                       
  smalltalk.js                                                                                                     |       0 |        0 |       0 |       0 | 1-139                                                                                                                                                 
 dojopool/.venv/Lib/site-packages/flask_debugtoolbar/static/codemirror/mode/smarty                                 |       0 |        0 |       0 |       0 |                                                                                                                                                       
  smarty.js                                                                                                        |       0 |        0 |       0 |       0 | 1-148                                                                                                                                                 
 dojopool/.venv/Lib/site-packages/flask_debugtoolbar/static/codemirror/mode/sparql                                 |       0 |        0 |       0 |       0 |                                                                                                                                                       
  sparql.js                                                                                                        |       0 |        0 |       0 |       0 | 1-143                                                                                                                                                 
 dojopool/.venv/Lib/site-packages/flask_debugtoolbar/static/codemirror/mode/stex                                   |       0 |        0 |       0 |       0 |                                                                                                                                                       
  stex.js                                                                                                          |       0 |        0 |       0 |       0 | 1-180                                                                                                                                                 
 dojopool/.venv/Lib/site-packages/flask_debugtoolbar/static/codemirror/mode/tiddlywiki                             |       0 |        0 |       0 |       0 |                                                                                                                                                       
  tiddlywiki.js                                                                                                    |       0 |        0 |       0 |       0 | 1-384                                                                                                                                                 
 dojopool/.venv/Lib/site-packages/flask_debugtoolbar/static/codemirror/mode/vbscript                               |       0 |        0 |       0 |       0 |                                                                                                                                                       
  vbscript.js                                                                                                      |       0 |        0 |       0 |       0 | 1-26                                                                                                                                                  
 dojopool/.venv/Lib/site-packages/flask_debugtoolbar/static/codemirror/mode/velocity                               |       0 |        0 |       0 |       0 |                                                                                                                                                       
  velocity.js                                                                                                      |       0 |        0 |       0 |       0 | 1-146                                                                                                                                                 
 dojopool/.venv/Lib/site-packages/flask_debugtoolbar/static/codemirror/mode/verilog                                |       0 |        0 |       0 |       0 |                                                                                                                                                       
  verilog.js                                                                                                       |       0 |        0 |       0 |       0 | 1-194                                                                                                                                                 
 dojopool/.venv/Lib/site-packages/flask_debugtoolbar/static/codemirror/mode/xml                                    |       0 |        0 |       0 |       0 |                                                                                                                                                       
  xml.js                                                                                                           |       0 |        0 |       0 |       0 | 1-268                                                                                                                                                 
 dojopool/.venv/Lib/site-packages/flask_debugtoolbar/static/codemirror/mode/xmlpure                                |       0 |        0 |       0 |       0 |                                                                                                                                                       
  xmlpure.js                                                                                                       |       0 |        0 |       0 |       0 | 1-490                                                                                                                                                 
 dojopool/.venv/Lib/site-packages/flask_debugtoolbar/static/codemirror/mode/xquery                                 |       0 |        0 |       0 |       0 |                                                                                                                                                       
  xquery.js                                                                                                        |       0 |        0 |       0 |       0 | 1-448                                                                                                                                                 
 dojopool/.venv/Lib/site-packages/flask_debugtoolbar/static/codemirror/mode/xquery/test                            |       0 |        0 |       0 |       0 |                                                                                                                                                       
  testBase.js                                                                                                      |       0 |        0 |       0 |       0 | 1-42                                                                                                                                                  
  testEmptySequenceKeyword.js                                                                                      |       0 |        0 |       0 |       0 | 1-16                                                                                                                                                  
  testMultiAttr.js                                                                                                 |       0 |        0 |       0 |       0 | 1-16                                                                                                                                                  
  testNamespaces.js                                                                                                |       0 |        0 |       0 |       0 | 1-89                                                                                                                                                  
  testProcessingInstructions.js                                                                                    |       0 |        0 |       0 |       0 | 1-16                                                                                                                                                  
  testQuotes.js                                                                                                    |       0 |        0 |       0 |       0 | 1-19                                                                                                                                                  
 dojopool/.venv/Lib/site-packages/flask_debugtoolbar/static/codemirror/mode/yaml                                   |       0 |        0 |       0 |       0 |                                                                                                                                                       
  yaml.js                                                                                                          |       0 |        0 |       0 |       0 | 1-95                                                                                                                                                  
 dojopool/.venv/Lib/site-packages/flask_debugtoolbar/static/codemirror/util                                        |       0 |        0 |       0 |       0 |                                                                                                                                                       
  closetag.js                                                                                                      |       0 |        0 |       0 |       0 | 1-174                                                                                                                                                 
  dialog.js                                                                                                        |       0 |        0 |       0 |       0 | 1-63                                                                                                                                                  
  foldcode.js                                                                                                      |       0 |        0 |       0 |       0 | 1-186                                                                                                                                                 
  formatting.js                                                                                                    |       0 |        0 |       0 |       0 | 1-294                                                                                                                                                 
  javascript-hint.js                                                                                               |       0 |        0 |       0 |       0 | 1-134                                                                                                                                                 
  match-highlighter.js                                                                                             |       0 |        0 |       0 |       0 | 1-44                                                                                                                                                  
  overlay.js                                                                                                       |       0 |        0 |       0 |       0 | 1-51                                                                                                                                                  
  runmode.js                                                                                                       |       0 |        0 |       0 |       0 | 1-49                                                                                                                                                  
  search.js                                                                                                        |       0 |        0 |       0 |       0 | 1-114                                                                                                                                                 
  searchcursor.js                                                                                                  |       0 |        0 |       0 |       0 | 1-117                                                                                                                                                 
  simple-hint.js                                                                                                   |       0 |        0 |       0 |       0 | 1-72                                                                                                                                                  
 dojopool/.venv/Lib/site-packages/flask_debugtoolbar/static/js                                                     |       0 |        0 |       0 |       0 |                                                                                                                                                       
  jquery-migrate.js                                                                                                |       0 |        0 |       0 |       0 | 1-1018                                                                                                                                                
  jquery.js                                                                                                        |       0 |        0 |       0 |       0 | 1-10716                                                                                                                                               
  jquery.tablesorter.js                                                                                            |       0 |        0 |       0 |       0 | 1-2914                                                                                                                                                
  toolbar.js                                                                                                       |       0 |        0 |       0 |       0 | 1-192                                                                                                                                                 
 dojopool/.venv/Lib/site-packages/urllib3/contrib/emscripten                                                       |       0 |        0 |       0 |       0 |                                                                                                                                                       
  emscripten_fetch_worker.js                                                                                       |       0 |        0 |       0 |       0 | 1-110                                                                                                                                                 
 dojopool/.venv/Lib/site-packages/werkzeug/debug/shared                                                            |       0 |        0 |       0 |       0 |                                                                                                                                                       
  debugger.js                                                                                                      |       0 |        0 |       0 |       0 | 1-360                                                                                                                                                 
 dojopool/.venv/Lib/site-packages/win32com/test                                                                    |       0 |        0 |       0 |       0 |                                                                                                                                                       
  testPyScriptlet.js                                                                                               |       0 |        0 |       0 |       0 | 1-33                                                                                                                                                  
  testxslt.js                                                                                                      |       0 |        0 |       0 |       0 | 1-12                                                                                                                                                  
 dojopool/ai                                                                                                       |       0 |        0 |       0 |       0 |                                                                                                                                                       
  prompts.ts                                                                                                       |       0 |        0 |       0 |       0 | 1-134                                                                                                                                                 
 dojopool/backups/js_migration                                                                                     |       0 |        0 |       0 |       0 |                                                                                                                                                       
  ThemeToggle.js                                                                                                   |       0 |        0 |       0 |       0 | 1-86                                                                                                                                                  
  VenueInfoWindow.js                                                                                               |       0 |        0 |       0 |       0 | 1-199                                                                                                                                                 
  achievements.js                                                                                                  |       0 |        0 |       0 |       0 | 1-227                                                                                                                                                 
  alertConfig.js                                                                                                   |       0 |        0 |       0 |       0 | 1-232                                                                                                                                                 
  alertSystem.js                                                                                                   |       0 |        0 |       0 |       0 | 1-249                                                                                                                                                 
  bandwidthTracker.js                                                                                              |       0 |        0 |       0 |       0 | 1-151                                                                                                                                                 
  chat.js                                                                                                          |       0 |        0 |       0 |       0 | 1-374                                                                                                                                                 
  components.js                                                                                                    |       0 |        0 |       0 |       0 | 1-240                                                                                                                                                 
  connectionManager.js                                                                                             |       0 |        0 |       0 |       0 | 1-123                                                                                                                                                 
  convert_to_avif.js                                                                                               |       0 |        0 |       0 |       0 | 1-31                                                                                                                                                  
  db.js                                                                                                            |       0 |        0 |       0 |       0 | 1-187                                                                                                                                                 
  debugPanel.js                                                                                                    |       0 |        0 |       0 |       0 | 1-179                                                                                                                                                 
  game.js                                                                                                          |       0 |        0 |       0 |       0 | 1-165                                                                                                                                                 
  imageLoader.js                                                                                                   |       0 |        0 |       0 |       0 | 1-324                                                                                                                                                 
  leaderboard.js                                                                                                   |       0 |        0 |       0 |       0 | 1-80                                                                                                                                                  
  main.js                                                                                                          |       0 |        0 |       0 |       0 | 1-136                                                                                                                                                 
  map.js                                                                                                           |       0 |        0 |       0 |       0 | 1-1728                                                                                                                                                
  mapThemes.js                                                                                                     |       0 |        0 |       0 |       0 | 1-96                                                                                                                                                  
  maps.js                                                                                                          |       0 |        0 |       0 |       0 | 1-174                                                                                                                                                 
  metricsDashboard.js                                                                                              |       0 |        0 |       0 |       0 | 1-273                                                                                                                                                 
  multiplayer.js                                                                                                   |       0 |        0 |       0 |       0 | 1-336                                                                                                                                                 
  navigation.js                                                                                                    |       0 |        0 |       0 |       0 | 1-60                                                                                                                                                  
  networkStatus.js                                                                                                 |       0 |        0 |       0 |       0 | 1-311                                                                                                                                                 
  notification.js                                                                                                  |       0 |        0 |       0 |       0 | 1-157                                                                                                                                                 
  notifications.js                                                                                                 |       0 |        0 |       0 |       0 | 1-430                                                                                                                                                 
  performanceMetrics.js                                                                                            |       0 |        0 |       0 |       0 | 1-184                                                                                                                                                 
  pwa.js                                                                                                           |       0 |        0 |       0 |       0 | 1-419                                                                                                                                                 
  rating.js                                                                                                        |       0 |        0 |       0 |       0 | 1-279                                                                                                                                                 
  responsive.js                                                                                                    |       0 |        0 |       0 |       0 | 1-209                                                                                                                                                 
  review.js                                                                                                        |       0 |        0 |       0 |       0 | 1-318                                                                                                                                                 
  service-worker.js                                                                                                |       0 |        0 |       0 |       0 | 1-218                                                                                                                                                 
  share_button.js                                                                                                  |       0 |        0 |       0 |       0 | 1-117                                                                                                                                                 
  socket_manager.js                                                                                                |       0 |        0 |       0 |       0 | 1-477                                                                                                                                                 
  sync-manager.js                                                                                                  |       0 |        0 |       0 |       0 | 1-179                                                                                                                                                 
  theme.js                                                                                                         |       0 |        0 |       0 |       0 | 1-62                                                                                                                                                  
  tournament_bracket.js                                                                                            |       0 |        0 |       0 |       0 | 1-206                                                                                                                                                 
  tournaments.js                                                                                                   |       0 |        0 |       0 |       0 | 1-140                                                                                                                                                 
  trendAnalysis.js                                                                                                 |       0 |        0 |       0 |       0 | 1-259                                                                                                                                                 
  trendVisualization.js                                                                                            |       0 |        0 |       0 |       0 | 1-178                                                                                                                                                 
  umpire.js                                                                                                        |       0 |        0 |       0 |       0 | 1-449                                                                                                                                                 
  utils.js                                                                                                         |       0 |        0 |       0 |       0 | 1-147                                                                                                                                                 
  venues.js                                                                                                        |       0 |        0 |       0 |       0 | 1-288                                                                                                                                                 
  websocket_manager.js                                                                                             |       0 |        0 |       0 |       0 | 1-193                                                                                                                                                 
 dojopool/components/ai                                                                                            |       0 |        0 |       0 |       0 |                                                                                                                                                       
  AIMetrics.tsx                                                                                                    |       0 |        0 |       0 |       0 | 1-295                                                                                                                                                 
  Dashboard.tsx                                                                                                    |       0 |        0 |       0 |       0 | 1-217                                                                                                                                                 
  DifficultySettings.tsx                                                                                           |       0 |        0 |       0 |       0 | 1-218                                                                                                                                                 
  MatchAnalysis.tsx                                                                                                |       0 |        0 |       0 |       0 | 1-245                                                                                                                                                 
  MatchStory.tsx                                                                                                   |       0 |        0 |       0 |       0 | 1-234                                                                                                                                                 
  Recommendations.tsx                                                                                              |       0 |        0 |       0 |       0 | 1-179                                                                                                                                                 
 dojopool/components/analytics                                                                                     |       0 |        0 |       0 |       0 |                                                                                                                                                       
  Dashboard.tsx                                                                                                    |       0 |        0 |       0 |       0 | 1-151                                                                                                                                                 
  DateRangePicker.tsx                                                                                              |       0 |        0 |       0 |       0 | 1-61                                                                                                                                                  
  FilterPanel.tsx                                                                                                  |       0 |        0 |       0 |       0 | 1-160                                                                                                                                                 
  MetricsChart.tsx                                                                                                 |       0 |        0 |       0 |       0 | 1-133                                                                                                                                                 
  MetricsSummary.tsx                                                                                               |       0 |        0 |       0 |       0 | 1-161                                                                                                                                                 
  MetricsTable.tsx                                                                                                 |       0 |        0 |       0 |       0 | 1-204                                                                                                                                                 
 dojopool/components/ml                                                                                            |       0 |        0 |       0 |       0 |                                                                                                                                                       
  AnomalyDetection.tsx                                                                                             |       0 |        0 |       0 |       0 | 1-245                                                                                                                                                 
  MLDashboard.tsx                                                                                                  |       0 |        0 |       0 |       0 | 1-145                                                                                                                                                 
  ModelMetrics.tsx                                                                                                 |       0 |        0 |       0 |       0 | 1-142                                                                                                                                                 
  PatternRecognition.tsx                                                                                           |       0 |        0 |       0 |       0 | 1-217                                                                                                                                                 
  ShotPrediction.tsx                                                                                               |       0 |        0 |       0 |       0 | 1-209                                                                                                                                                 
  TrainingPlan.tsx                                                                                                 |       0 |        0 |       0 |       0 | 1-262                                                                                                                                                 
 dojopool/components/performance                                                                                   |       0 |        0 |       0 |       0 |                                                                                                                                                       
  MetricsChart.tsx                                                                                                 |       0 |        0 |       0 |       0 | 1-121                                                                                                                                                 
  OptimizationRecommendations.tsx                                                                                  |       0 |        0 |       0 |       0 | 1-162                                                                                                                                                 
  PerformanceDashboard.tsx                                                                                         |       0 |        0 |       0 |       0 | 1-64                                                                                                                                                  
  SystemStatus.tsx                                                                                                 |       0 |        0 |       0 |       0 | 1-164                                                                                                                                                 
 dojopool/components/predictive                                                                                    |       0 |        0 |       0 |       0 |                                                                                                                                                       
  PredictiveDashboard.tsx                                                                                          |       0 |        0 |       0 |       0 | 1-122                                                                                                                                                 
 dojopool/frontend                                                                                                 |       0 |        0 |       0 |       0 |                                                                                                                                                       
  jest.setup.js                                                                                                    |       0 |        0 |       0 |       0 | 1-69                                                                                                                                                  
  next-env.d.ts                                                                                                    |       0 |        0 |       0 |       0 | 1-5                                                                                                                                                   
  next.config.js                                                                                                   |       0 |        0 |       0 |       0 | 1-135                                                                                                                                                 
  performance_monitor.ts                                                                                           |       0 |        0 |       0 |       0 | 1-115                                                                                                                                                 
  theme.ts                                                                                                         |       0 |        0 |       0 |       0 | 1-81                                                                                                                                                  
  vite-env.d.ts                                                                                                    |       0 |        0 |       0 |       0 | 1                                                                                                                                                     
 dojopool/frontend/.next/server                                                                                    |       0 |        0 |       0 |       0 |                                                                                                                                                       
  interception-route-rewrite-manifest.js                                                                           |       0 |        0 |       0 |       0 | 1                                                                                                                                                     
  middleware-build-manifest.js                                                                                     |       0 |        0 |       0 |       0 | 1-439                                                                                                                                                 
  middleware-react-loadable-manifest.js                                                                            |       0 |        0 |       0 |       0 | 1                                                                                                                                                     
  next-font-manifest.js                                                                                            |       0 |        0 |       0 |       0 | 1                                                                                                                                                     
  vendors~node_modules_n.js                                                                                        |       0 |        0 |       0 |       0 | 1-165                                                                                                                                                 
  vendors~node_modules_next_dist_b.js                                                                              |       0 |        0 |       0 |       0 | 1-135                                                                                                                                                 
  webpack-runtime.js                                                                                               |       0 |        0 |       0 |       0 | 1-168                                                                                                                                                 
 dojopool/frontend/.next/server/pages                                                                              |       0 |        0 |       0 |       0 |                                                                                                                                                       
  _app.js                                                                                                          |       0 |        0 |       0 |       0 | 1-46                                                                                                                                                  
  _document.js                                                                                                     |       0 |        0 |       0 |       0 | 1-66                                                                                                                                                  
  _error.js                                                                                                        |       0 |        0 |       0 |       0 | 1-106                                                                                                                                                 
  index.js                                                                                                         |       0 |        0 |       0 |       0 | 1-106                                                                                                                                                 
 dojopool/frontend/.next/static/chunks                                                                             |       0 |        0 |       0 |       0 |                                                                                                                                                       
  main.js                                                                                                          |       0 |        0 |       0 |       0 | 1-28                                                                                                                                                  
  polyfills.js                                                                                                     |       0 |        0 |       0 |       0 | 1                                                                                                                                                     
  react-refresh.js                                                                                                 |       0 |        0 |       0 |       0 | 1-17                                                                                                                                                  
  runtime.js                                                                                                       |       0 |        0 |       0 |       0 | 1-1314                                                                                                                                                
  vendors~node_modules_b.js                                                                                        |       0 |        0 |       0 |       0 | 1-247                                                                                                                                                 
  vendors~node_modules_emotion_r.js                                                                                |       0 |        0 |       0 |       0 | 1-122                                                                                                                                                 
  vendors~node_modules_h.js                                                                                        |       0 |        0 |       0 |       0 | 1-102                                                                                                                                                 
  vendors~node_modules_mui_material_Ac.js                                                                          |       0 |        0 |       0 |       0 | 1-112                                                                                                                                                 
  vendors~node_modules_mui_material_Alert_A.js                                                                     |       0 |        0 |       0 |       0 | 1-42                                                                                                                                                  
  vendors~node_modules_mui_material_AppBar_A.js                                                                    |       0 |        0 |       0 |       0 | 1-42                                                                                                                                                  
  vendors~node_modules_mui_material_Autocomplete_A.js                                                              |       0 |        0 |       0 |       0 | 1-42                                                                                                                                                  
  vendors~node_modules_mui_material_AvatarGroup_A.js                                                               |       0 |        0 |       0 |       0 | 1-42                                                                                                                                                  
  vendors~node_modules_mui_material_Avatar_A.js                                                                    |       0 |        0 |       0 |       0 | 1-42                                                                                                                                                  
  vendors~node_modules_mui_material_Bac.js                                                                         |       0 |        0 |       0 |       0 | 1-82                                                                                                                                                  
  vendors~node_modules_mui_material_Bo.js                                                                          |       0 |        0 |       0 |       0 | 1-82                                                                                                                                                  
  vendors~node_modules_mui_material_BottomNavigationA.js                                                           |       0 |        0 |       0 |       0 | 1-72                                                                                                                                                  
  vendors~node_modules_mui_material_ButtonB.js                                                                     |       0 |        0 |       0 |       0 | 1-82                                                                                                                                                  
  vendors~node_modules_mui_material_ButtonBase_B.js                                                                |       0 |        0 |       0 |       0 | 1-52                                                                                                                                                  
  vendors~node_modules_mui_material_Button_B.js                                                                    |       0 |        0 |       0 |       0 | 1-42                                                                                                                                                  
  vendors~node_modules_mui_material_CardActionA.js                                                                 |       0 |        0 |       0 |       0 | 1-72                                                                                                                                                  
  vendors~node_modules_mui_material_CardC.js                                                                       |       0 |        0 |       0 |       0 | 1-132                                                                                                                                                 
  vendors~node_modules_mui_material_Checkbox_C.js                                                                  |       0 |        0 |       0 |       0 | 1-42                                                                                                                                                  
  vendors~node_modules_mui_material_Chip_C.js                                                                      |       0 |        0 |       0 |       0 | 1-42                                                                                                                                                  
  vendors~node_modules_mui_material_CircularProgress_C.js                                                          |       0 |        0 |       0 |       0 | 1-42                                                                                                                                                  
  vendors~node_modules_mui_material_Cl.js                                                                          |       0 |        0 |       0 |       0 | 1-112                                                                                                                                                 
  vendors~node_modules_mui_material_De.js                                                                          |       0 |        0 |       0 |       0 | 1-62                                                                                                                                                  
  vendors~node_modules_mui_material_Di.js                                                                          |       0 |        0 |       0 |       0 | 1-72                                                                                                                                                  
  vendors~node_modules_mui_material_DialogC.js                                                                     |       0 |        0 |       0 |       0 | 1-102                                                                                                                                                 
  vendors~node_modules_mui_material_Dialog_D.js                                                                    |       0 |        0 |       0 |       0 | 1-52                                                                                                                                                  
  vendors~node_modules_mui_material_Fab.js                                                                         |       0 |        0 |       0 |       0 | 1-62                                                                                                                                                  
  vendors~node_modules_mui_material_FilledInput_F.js                                                               |       0 |        0 |       0 |       0 | 1-42                                                                                                                                                  
  vendors~node_modules_mui_material_FormC.js                                                                       |       0 |        0 |       0 |       0 | 1-102                                                                                                                                                 
  vendors~node_modules_mui_material_FormControlLabel_F.js                                                          |       0 |        0 |       0 |       0 | 1-42                                                                                                                                                  
  vendors~node_modules_mui_material_FormH.js                                                                       |       0 |        0 |       0 |       0 | 1-72                                                                                                                                                  
  vendors~node_modules_mui_material_Gl.js                                                                          |       0 |        0 |       0 |       0 | 1-92                                                                                                                                                  
  vendors~node_modules_mui_material_Hidden_H.js                                                                    |       0 |        0 |       0 |       0 | 1-72                                                                                                                                                  
  vendors~node_modules_mui_material_I.js                                                                           |       0 |        0 |       0 |       0 | 1-92                                                                                                                                                  
  vendors~node_modules_mui_material_IconB.js                                                                       |       0 |        0 |       0 |       0 | 1-72                                                                                                                                                  
  vendors~node_modules_mui_material_ImageListI.js                                                                  |       0 |        0 |       0 |       0 | 1-112                                                                                                                                                 
  vendors~node_modules_mui_material_Ini.js                                                                         |       0 |        0 |       0 |       0 | 1-52                                                                                                                                                  
  vendors~node_modules_mui_material_InputB.js                                                                      |       0 |        0 |       0 |       0 | 1-82                                                                                                                                                  
  vendors~node_modules_mui_material_Lin.js                                                                         |       0 |        0 |       0 |       0 | 1-92                                                                                                                                                  
  vendors~node_modules_mui_material_ListI.js                                                                       |       0 |        0 |       0 |       0 | 1-72                                                                                                                                                  
  vendors~node_modules_mui_material_ListItemI.js                                                                   |       0 |        0 |       0 |       0 | 1-102                                                                                                                                                 
  vendors~node_modules_mui_material_List_L.js                                                                      |       0 |        0 |       0 |       0 | 1-52                                                                                                                                                  
  vendors~node_modules_mui_material_Me.js                                                                          |       0 |        0 |       0 |       0 | 1-62                                                                                                                                                  
  vendors~node_modules_mui_material_MenuI.js                                                                       |       0 |        0 |       0 |       0 | 1-72                                                                                                                                                  
  vendors~node_modules_mui_material_Modal_M.js                                                                     |       0 |        0 |       0 |       0 | 1-62                                                                                                                                                  
  vendors~node_modules_mui_material_Na.js                                                                          |       0 |        0 |       0 |       0 | 1-72                                                                                                                                                  
  vendors~node_modules_mui_material_OutlinedInput_N.js                                                             |       0 |        0 |       0 |       0 | 1-52                                                                                                                                                  
  vendors~node_modules_mui_material_Pa.js                                                                          |       0 |        0 |       0 |       0 | 1-72                                                                                                                                                  
  vendors~node_modules_mui_material_PaginationI.js                                                                 |       0 |        0 |       0 |       0 | 1-72                                                                                                                                                  
  vendors~node_modules_mui_material_Pop.js                                                                         |       0 |        0 |       0 |       0 | 1-72                                                                                                                                                  
  vendors~node_modules_mui_material_R.js                                                                           |       0 |        0 |       0 |       0 | 1-82                                                                                                                                                  
  vendors~node_modules_mui_material_RadioGroup_R.js                                                                |       0 |        0 |       0 |       0 | 1-62                                                                                                                                                  
  vendors~node_modules_mui_material_Radio_R.js                                                                     |       0 |        0 |       0 |       0 | 1-42                                                                                                                                                  
  vendors~node_modules_mui_material_S.js                                                                           |       0 |        0 |       0 |       0 | 1-72                                                                                                                                                  
  vendors~node_modules_mui_material_Se.js                                                                          |       0 |        0 |       0 |       0 | 1-52                                                                                                                                                  
  vendors~node_modules_mui_material_Select_S.js                                                                    |       0 |        0 |       0 |       0 | 1-42                                                                                                                                                  
  vendors~node_modules_mui_material_Slide_S.js                                                                     |       0 |        0 |       0 |       0 | 1-32                                                                                                                                                  
  vendors~node_modules_mui_material_Slider_SliderV.js                                                              |       0 |        0 |       0 |       0 | 1-32                                                                                                                                                  
  vendors~node_modules_mui_material_Slider_i.js                                                                    |       0 |        0 |       0 |       0 | 1-42                                                                                                                                                  
  vendors~node_modules_mui_material_SnackbarC.js                                                                   |       0 |        0 |       0 |       0 | 1-82                                                                                                                                                  
  vendors~node_modules_mui_material_SpeedDialA.js                                                                  |       0 |        0 |       0 |       0 | 1-102                                                                                                                                                 
  vendors~node_modules_mui_material_Sta.js                                                                         |       0 |        0 |       0 |       0 | 1-62                                                                                                                                                  
  vendors~node_modules_mui_material_StepB.js                                                                       |       0 |        0 |       0 |       0 | 1-112                                                                                                                                                 
  vendors~node_modules_mui_material_StepL.js                                                                       |       0 |        0 |       0 |       0 | 1-72                                                                                                                                                  
  vendors~node_modules_mui_material_Step_.js                                                                       |       0 |        0 |       0 |       0 | 1-62                                                                                                                                                  
  vendors~node_modules_mui_material_SvgIcon_S.js                                                                   |       0 |        0 |       0 |       0 | 1-42                                                                                                                                                  
  vendors~node_modules_mui_material_SwipeableDrawer_S.js                                                           |       0 |        0 |       0 |       0 | 1-42                                                                                                                                                  
  vendors~node_modules_mui_material_T.js                                                                           |       0 |        0 |       0 |       0 | 1-102                                                                                                                                                 
  vendors~node_modules_mui_material_Ta.js                                                                          |       0 |        0 |       0 |       0 | 1-72                                                                                                                                                  
  vendors~node_modules_mui_material_Tab_T.js                                                                       |       0 |        0 |       0 |       0 | 1-42                                                                                                                                                  
  vendors~node_modules_mui_material_Tabl.js                                                                        |       0 |        0 |       0 |       0 | 1-62                                                                                                                                                  
  vendors~node_modules_mui_material_TableB.js                                                                      |       0 |        0 |       0 |       0 | 1-132                                                                                                                                                 
  vendors~node_modules_mui_material_TableH.js                                                                      |       0 |        0 |       0 |       0 | 1-82                                                                                                                                                  
  vendors~node_modules_mui_material_TableR.js                                                                      |       0 |        0 |       0 |       0 | 1-102                                                                                                                                                 
  vendors~node_modules_mui_material_ToggleButtonG.js                                                               |       0 |        0 |       0 |       0 | 1-102                                                                                                                                                 
  vendors~node_modules_mui_material_Toolb.js                                                                       |       0 |        0 |       0 |       0 | 1-72                                                                                                                                                  
  vendors~node_modules_mui_material_Z.js                                                                           |       0 |        0 |       0 |       0 | 1-102                                                                                                                                                 
  vendors~node_modules_mui_material_c.js                                                                           |       0 |        0 |       0 |       0 | 1-102                                                                                                                                                 
  vendors~node_modules_mui_material_colors_d.js                                                                    |       0 |        0 |       0 |       0 | 1-102                                                                                                                                                 
  vendors~node_modules_mui_material_ind.js                                                                         |       0 |        0 |       0 |       0 | 1-42                                                                                                                                                  
  vendors~node_modules_mui_material_internal_sv.js                                                                 |       0 |        0 |       0 |       0 | 1-92                                                                                                                                                  
  vendors~node_modules_mui_material_internal_svg-icons_A.js                                                        |       0 |        0 |       0 |       0 | 1-92                                                                                                                                                  
  vendors~node_modules_mui_material_internal_svg-icons_E.js                                                        |       0 |        0 |       0 |       0 | 1-122                                                                                                                                                 
  vendors~node_modules_mui_material_styles_C.js                                                                    |       0 |        0 |       0 |       0 | 1-112                                                                                                                                                 
  vendors~node_modules_mui_material_styles_cs.js                                                                   |       0 |        0 |       0 |       0 | 1-92                                                                                                                                                  
  vendors~node_modules_mui_material_styles_r.js                                                                    |       0 |        0 |       0 |       0 | 1-62                                                                                                                                                  
  vendors~node_modules_mui_material_styles_s.js                                                                    |       0 |        0 |       0 |       0 | 1-72                                                                                                                                                  
  vendors~node_modules_mui_material_tr.js                                                                          |       0 |        0 |       0 |       0 | 1-42                                                                                                                                                  
  vendors~node_modules_mui_material_u.js                                                                           |       0 |        0 |       0 |       0 | 1-122                                                                                                                                                 
  vendors~node_modules_mui_material_us.js                                                                          |       0 |        0 |       0 |       0 | 1-132                                                                                                                                                 
  vendors~node_modules_mui_material_utils_i.js                                                                     |       0 |        0 |       0 |       0 | 1-82                                                                                                                                                  
  vendors~node_modules_mui_p.js                                                                                    |       0 |        0 |       0 |       0 | 1-157                                                                                                                                                 
  vendors~node_modules_mui_system_e.js                                                                             |       0 |        0 |       0 |       0 | 1-262                                                                                                                                                 
  vendors~node_modules_mui_system_esm_B.js                                                                         |       0 |        0 |       0 |       0 | 1-305                                                                                                                                                 
  vendors~node_modules_mui_system_esm_bo.js                                                                        |       0 |        0 |       0 |       0 | 1-52                                                                                                                                                  
  vendors~node_modules_mui_system_esm_c.js                                                                         |       0 |        0 |       0 |       0 | 1-192                                                                                                                                                 
  vendors~node_modules_mui_utils_esm_C.js                                                                          |       0 |        0 |       0 |       0 | 1-1223                                                                                                                                                
  vendors~node_modules_next_dist_b.js                                                                              |       0 |        0 |       0 |       0 | 1-164                                                                                                                                                 
  vendors~node_modules_next_dist_client_components_react-dev-overlay_i.js                                          |       0 |        0 |       0 |       0 | 1-62                                                                                                                                                  
  vendors~node_modules_next_dist_client_components_react-dev-overlay_internal_c.js                                 |       0 |        0 |       0 |       0 | 1-62                                                                                                                                                  
  vendors~node_modules_next_dist_client_components_react-dev-overlay_internal_components_LeftRightDial~90165a1e.js |       0 |        0 |       0 |       0 | 1-42                                                                                                                                                  
  vendors~node_modules_next_dist_client_components_react-dev-overlay_internal_components_O.js                      |       0 |        0 |       0 |       0 | 1-132                                                                                                                                                 
  vendors~node_modules_next_dist_client_components_react-dev-overlay_internal_components_Overlay_maint~e3456ad2.js |       0 |        0 |       0 |       0 | 1-22                                                                                                                                                  
  vendors~node_modules_next_dist_client_components_react-dev-overlay_internal_components_V.js                      |       0 |        0 |       0 |       0 | 1-52                                                                                                                                                  
  vendors~node_modules_next_dist_client_components_react-dev-overlay_internal_container_B.js                       |       0 |        0 |       0 |       0 | 1-32                                                                                                                                                  
  vendors~node_modules_next_dist_client_components_react-dev-overlay_internal_he.js                                |       0 |        0 |       0 |       0 | 1-42                                                                                                                                                  
  vendors~node_modules_next_dist_client_components_react-dev-overlay_internal_helpers_g.js                         |       0 |        0 |       0 |       0 | 1-102                                                                                                                                                 
  vendors~node_modules_next_dist_client_components_react-dev-overlay_internal_icons_C.js                           |       0 |        0 |       0 |       0 | 1-42                                                                                                                                                  
  vendors~node_modules_next_dist_client_components_react-dev-overlay_p.js                                          |       0 |        0 |       0 |       0 | 1-62                                                                                                                                                  
  vendors~node_modules_next_dist_client_d.js                                                                       |       0 |        0 |       0 |       0 | 1-82                                                                                                                                                  
  vendors~node_modules_next_dist_client_index_js_1d854bfc.js                                                       |       0 |        0 |       0 |       0 | 1-22                                                                                                                                                  
  vendors~node_modules_next_dist_client_n.js                                                                       |       0 |        0 |       0 |       0 | 1-62                                                                                                                                                  
  vendors~node_modules_next_dist_client_p.js                                                                       |       0 |        0 |       0 |       0 | 1-92                                                                                                                                                  
  vendors~node_modules_next_dist_client_r.js                                                                       |       0 |        0 |       0 |       0 | 1-32                                                                                                                                                  
  vendors~node_modules_next_dist_client_s.js                                                                       |       0 |        0 |       0 |       0 | 1-72                                                                                                                                                  
  vendors~node_modules_next_dist_compiled_a.js                                                                     |       0 |        0 |       0 |       0 | 1-541                                                                                                                                                 
  vendors~node_modules_next_dist_compiled_r.js                                                                     |       0 |        0 |       0 |       0 | 1-85                                                                                                                                                  
  vendors~node_modules_next_dist_l.js                                                                              |       0 |        0 |       0 |       0 | 1-62                                                                                                                                                  
  vendors~node_modules_next_dist_se.js                                                                             |       0 |        0 |       0 |       0 | 1-76                                                                                                                                                  
  vendors~node_modules_next_dist_shared_lib_b.js                                                                   |       0 |        0 |       0 |       0 | 1-76                                                                                                                                                  
  vendors~node_modules_next_dist_shared_lib_h.js                                                                   |       0 |        0 |       0 |       0 | 1-98                                                                                                                                                  
  vendors~node_modules_next_dist_shared_lib_m.js                                                                   |       0 |        0 |       0 |       0 | 1-72                                                                                                                                                  
  vendors~node_modules_next_dist_shared_lib_ro.js                                                                  |       0 |        0 |       0 |       0 | 1-122                                                                                                                                                 
  vendors~node_modules_next_dist_shared_lib_router_a.js                                                            |       0 |        0 |       0 |       0 | 1-132                                                                                                                                                 
  vendors~node_modules_next_dist_shared_lib_router_router_js_1a888ad3.js                                           |       0 |        0 |       0 |       0 | 1-22                                                                                                                                                  
  vendors~node_modules_next_dist_shared_lib_router_utils_in.js                                                     |       0 |        0 |       0 |       0 | 1-62                                                                                                                                                  
  vendors~node_modules_next_dist_shared_lib_s.js                                                                   |       0 |        0 |       0 |       0 | 1-52                                                                                                                                                  
  vendors~node_modules_popperjs_core_lib_c.js                                                                      |       0 |        0 |       0 |       0 | 1-252                                                                                                                                                 
  vendors~node_modules_popperjs_core_lib_e.js                                                                      |       0 |        0 |       0 |       0 | 1-342                                                                                                                                                 
  vendors~node_modules_prop-types_c.js                                                                             |       0 |        0 |       0 |       0 | 1-86                                                                                                                                                  
  vendors~node_modules_r.js                                                                                        |       0 |        0 |       0 |       0 | 1-162                                                                                                                                                 
  vendors~node_modules_react-d.js                                                                                  |       0 |        0 |       0 |       0 | 1-162                                                                                                                                                 
  vendors~node_modules_react-dom_cjs_react-dom_development_js_ac892209.js                                          |       0 |        0 |       0 |       0 | 1-22                                                                                                                                                  
  vendors~node_modules_react_c.js                                                                                  |       0 |        0 |       0 |       0 | 1-32                                                                                                                                                  
  vendors~node_modules_react_cjs_react-jsx-dev-runtime_development_js_17e1d389.js                                  |       0 |        0 |       0 |       0 | 1-22                                                                                                                                                  
  vendors~node_modules_react_cjs_react_development_js_1b7e60c4.js                                                  |       0 |        0 |       0 |       0 | 1-22                                                                                                                                                  
 dojopool/frontend/.next/static/chunks/pages                                                                       |       0 |        0 |       0 |       0 |                                                                                                                                                       
  _app.js                                                                                                          |       0 |        0 |       0 |       0 | 1-28                                                                                                                                                  
  _error.js                                                                                                        |       0 |        0 |       0 |       0 | 1-39                                                                                                                                                  
  index.js                                                                                                         |       0 |        0 |       0 |       0 | 1-39                                                                                                                                                  
 dojopool/frontend/.next/static/development                                                                        |       0 |        0 |       0 |       0 |                                                                                                                                                       
  _buildManifest.js                                                                                                |       0 |        0 |       0 |       0 | 1                                                                                                                                                     
  _ssgManifest.js                                                                                                  |       0 |        0 |       0 |       0 | 1                                                                                                                                                     
 dojopool/frontend/.next/static/webpack                                                                            |       0 |        0 |       0 |       0 |                                                                                                                                                       
  runtime.3fd6bc0e600f7a88.hot-update.js                                                                           |       0 |        0 |       0 |       0 | 1-18                                                                                                                                                  
  vendors~node_modules_next_dist_client_index_js_1d854bfc.3fd6bc0e600f7a88.hot-update.js                           |       0 |        0 |       0 |       0 | 1-22                                                                                                                                                  
  vendors~node_modules_next_dist_l.3fd6bc0e600f7a88.hot-update.js                                                  |       0 |        0 |       0 |       0 | 1-22                                                                                                                                                  
  vendors~node_modules_next_dist_shared_lib_ro.3fd6bc0e600f7a88.hot-update.js                                      |       0 |        0 |       0 |       0 | 1-22                                                                                                                                                  
 dojopool/frontend/api                                                                                             |       0 |        0 |       0 |       0 |                                                                                                                                                       
  tournaments.ts                                                                                                   |       0 |        0 |       0 |       0 | 1-119                                                                                                                                                 
  venues.ts                                                                                                        |       0 |        0 |       0 |       0 | 1-135                                                                                                                                                 
 dojopool/frontend/components                                                                                      |       0 |        0 |       0 |       0 |                                                                                                                                                       
  AppBar.tsx                                                                                                       |       0 |        0 |       0 |       0 | 1-7                                                                                                                                                   
  MLInsights.tsx                                                                                                   |       0 |        0 |       0 |       0 | 1                                                                                                                                                     
  MLInsightsDashboard.tsx                                                                                          |       0 |        0 |       0 |       0 | 1                                                                                                                                                     
  MarketplaceLayout.tsx                                                                                            |       0 |        0 |       0 |       0 | 1-11                                                                                                                                                  
  MetricsVisualization.tsx                                                                                         |       0 |        0 |       0 |       0 | 1                                                                                                                                                     
  OptimizationPanel.tsx                                                                                            |       0 |        0 |       0 |       0 | 1-200                                                                                                                                                 
  OptimizedImage.tsx                                                                                               |       0 |        0 |       0 |       0 | 1-35                                                                                                                                                  
  PatternVisualization.tsx                                                                                         |       0 |        0 |       0 |       0 | 1                                                                                                                                                     
  QRAlertsDashboard.tsx                                                                                            |       0 |        0 |       0 |       0 | 1-465                                                                                                                                                 
  QRScanner.tsx                                                                                                    |       0 |        0 |       0 |       0 | 1-241                                                                                                                                                 
  QRStatsDashboard.tsx                                                                                             |       0 |        0 |       0 |       0 | 1-272                                                                                                                                                 
 dojopool/frontend/components/AI                                                                                   |       0 |        0 |       0 |       0 |                                                                                                                                                       
  [AI]PerformancePredictor.tsx                                                                                     |       0 |        0 |       0 |       0 | 1-193                                                                                                                                                 
  [AI]PlayerRecommender.tsx                                                                                        |       0 |        0 |       0 |       0 | 1-212                                                                                                                                                 
  [AI]ShotAnalyzer.tsx                                                                                             |       0 |        0 |       0 |       0 | 1-189                                                                                                                                                 
 dojopool/frontend/components/Auth                                                                                 |       0 |        0 |       0 |       0 |                                                                                                                                                       
  [AUTH]ForgotPassword.tsx                                                                                         |       0 |        0 |       0 |       0 | 1-74                                                                                                                                                  
  [AUTH]Login.tsx                                                                                                  |       0 |        0 |       0 |       0 | 1-74                                                                                                                                                  
  [AUTH]PrivateRoute.tsx                                                                                           |       0 |        0 |       0 |       0 | 1-24                                                                                                                                                  
  [AUTH]Register.tsx                                                                                               |       0 |        0 |       0 |       0 | 1-95                                                                                                                                                  
 dojopool/frontend/components/Avatar                                                                               |       0 |        0 |       0 |       0 |                                                                                                                                                       
  [UI]AvatarDisplay.tsx                                                                                            |       0 |        0 |       0 |       0 | 1-133                                                                                                                                                 
  [UI]AvatarEditDialog.tsx                                                                                         |       0 |        0 |       0 |       0 | 1-83                                                                                                                                                  
  [UI]AvatarGenerator.tsx                                                                                          |       0 |        0 |       0 |       0 | 1-267                                                                                                                                                 
  [UI]index.ts                                                                                                     |       0 |        0 |       0 |       0 | 1-7                                                                                                                                                   
 dojopool/frontend/components/Common                                                                               |       0 |        0 |       0 |       0 |                                                                                                                                                       
  [UI]LoadingSpinner.tsx                                                                                           |       0 |        0 |       0 |       0 | 1-83                                                                                                                                                  
  [UI]NotFound.tsx                                                                                                 |       0 |        0 |       0 |       0 | 1-36                                                                                                                                                  
 dojopool/frontend/components/Dashboard                                                                            |       0 |        0 |       0 |       0 |                                                                                                                                                       
  [UI]Dashboard.tsx                                                                                                |       0 |        0 |       0 |       0 | 1-130                                                                                                                                                 
 dojopool/frontend/components/DebugPanel                                                                           |       0 |        0 |       0 |       0 |                                                                                                                                                       
  [DEBUG]DebugPanel.tsx                                                                                            |       0 |        0 |       0 |       0 | 1-364                                                                                                                                                 
 dojopool/frontend/components/DojoMap                                                                              |       0 |        0 |       0 |       0 |                                                                                                                                                       
  [MAP]DojoMap.tsx                                                                                                 |       0 |        0 |       0 |       0 | 1-197                                                                                                                                                 
 dojopool/frontend/components/ErrorBoundary                                                                        |       0 |        0 |       0 |       0 |                                                                                                                                                       
  [ERR]ErrorBoundary.tsx                                                                                           |       0 |        0 |       0 |       0 | 1-157                                                                                                                                                 
 dojopool/frontend/components/Game                                                                                 |       0 |        0 |       0 |       0 |                                                                                                                                                       
  [GAME]GameHistory.tsx                                                                                            |       0 |        0 |       0 |       0 | 1-58                                                                                                                                                  
  [GAME]GameStats.tsx                                                                                              |       0 |        0 |       0 |       0 | 1-74                                                                                                                                                  
  [GAME]GameTracker.tsx                                                                                            |       0 |        0 |       0 |       0 | 1-110                                                                                                                                                 
 dojopool/frontend/components/GameAnalysis                                                                         |       0 |        0 |       0 |       0 |                                                                                                                                                       
  GameAnalyzer.tsx                                                                                                 |       0 |        0 |       0 |       0 | 1-111                                                                                                                                                 
  GamePatterns.tsx                                                                                                 |       0 |        0 |       0 |       0 | 1-80                                                                                                                                                  
  GameStatistics.tsx                                                                                               |       0 |        0 |       0 |       0 | 1-171                                                                                                                                                 
  ShotAnalysis.tsx                                                                                                 |       0 |        0 |       0 |       0 | 1-111                                                                                                                                                 
  [GAME]GamePatterns.tsx                                                                                           |       0 |        0 |       0 |       0 | 1-181                                                                                                                                                 
  [GAME]ShotAnalysis.tsx                                                                                           |       0 |        0 |       0 |       0 | 1-161                                                                                                                                                 
 dojopool/frontend/components/Layout                                                                               |       0 |        0 |       0 |       0 |                                                                                                                                                       
  [NOTIFY]NotificationCenter.tsx                                                                                   |       0 |        0 |       0 |       0 | 1-339                                                                                                                                                 
  [UI]Layout.tsx                                                                                                   |       0 |        0 |       0 |       0 | 1-136                                                                                                                                                 
  [UI]Navbar.tsx                                                                                                   |       0 |        0 |       0 |       0 | 1-273                                                                                                                                                 
 dojopool/frontend/components/Map                                                                                  |       0 |        0 |       0 |       0 |                                                                                                                                                       
  [MAP]GameMap.tsx                                                                                                 |       0 |        0 |       0 |       0 | 1-204                                                                                                                                                 
 dojopool/frontend/components/Monitoring                                                                           |       0 |        0 |       0 |       0 |                                                                                                                                                       
  ErrorReport.tsx                                                                                                  |       0 |        0 |       0 |       0 | 1-228                                                                                                                                                 
  MetricsDashboard.tsx                                                                                             |       0 |        0 |       0 |       0 | 1-322                                                                                                                                                 
  PerformancePanel.tsx                                                                                             |       0 |        0 |       0 |       0 | 1-150                                                                                                                                                 
  [ERR]ErrorBoundary.tsx                                                                                           |       0 |        0 |       0 |       0 | 1-81                                                                                                                                                  
  [MON]AlertPanel.tsx                                                                                              |       0 |        0 |       0 |       0 | 1-231                                                                                                                                                 
  [MON]Dashboard.tsx                                                                                               |       0 |        0 |       0 |       0 | 1-3062                                                                                                                                                
  [MON]MetricCard.tsx                                                                                              |       0 |        0 |       0 |       0 | 1-67                                                                                                                                                  
  [MON]MetricsChart.tsx                                                                                            |       0 |        0 |       0 |       0 | 1-182                                                                                                                                                 
 dojopool/frontend/components/NotFound                                                                             |       0 |        0 |       0 |       0 |                                                                                                                                                       
  [UI]NotFound.tsx                                                                                                 |       0 |        0 |       0 |       0 | 1-32                                                                                                                                                  
 dojopool/frontend/components/Notifications                                                                        |       0 |        0 |       0 |       0 |                                                                                                                                                       
  [NOTIFY]Toast.tsx                                                                                                |       0 |        0 |       0 |       0 | 1-58                                                                                                                                                  
 dojopool/frontend/components/Pages                                                                                |       0 |        0 |       0 |       0 |                                                                                                                                                       
  [GAME]Game.tsx                                                                                                   |       0 |        0 |       0 |       0 | 1-342                                                                                                                                                 
  [UI]Home.tsx                                                                                                     |       0 |        0 |       0 |       0 | 1-447                                                                                                                                                 
  [UI]Leaderboard.tsx                                                                                              |       0 |        0 |       0 |       0 | 1-350                                                                                                                                                 
  [UI]NotFound.tsx                                                                                                 |       0 |        0 |       0 |       0 | 1-45                                                                                                                                                  
  [UI]Profile.tsx                                                                                                  |       0 |        0 |       0 |       0 | 1-478                                                                                                                                                 
 dojopool/frontend/components/Profile                                                                              |       0 |        0 |       0 |       0 |                                                                                                                                                       
  [UI]Profile.tsx                                                                                                  |       0 |        0 |       0 |       0 | 1-186                                                                                                                                                 
 dojopool/frontend/components/QRCode                                                                               |       0 |        0 |       0 |       0 |                                                                                                                                                       
  [QR]QRDialog.tsx                                                                                                 |       0 |        0 |       0 |       0 | 1-105                                                                                                                                                 
  [QR]QRDisplay.tsx                                                                                                |       0 |        0 |       0 |       0 | 1-81                                                                                                                                                  
  [QR]QRScanner.tsx                                                                                                |       0 |        0 |       0 |       0 | 1-158                                                                                                                                                 
  [QR]index.ts                                                                                                     |       0 |        0 |       0 |       0 | 1-27                                                                                                                                                  
 dojopool/frontend/components/Settings                                                                             |       0 |        0 |       0 |       0 |                                                                                                                                                       
  [UI]Settings.tsx                                                                                                 |       0 |        0 |       0 |       0 | 1-247                                                                                                                                                 
 dojopool/frontend/components/Tournament                                                                           |       0 |        0 |       0 |       0 |                                                                                                                                                       
  [TOURN]TournamentBracket.tsx                                                                                     |       0 |        0 |       0 |       0 | 1-257                                                                                                                                                 
  [TOURN]TournamentCreate.tsx                                                                                      |       0 |        0 |       0 |       0 | 1-267                                                                                                                                                 
  [TOURN]TournamentList.tsx                                                                                        |       0 |        0 |       0 |       0 | 1-114                                                                                                                                                 
 dojopool/frontend/components/Training                                                                             |       0 |        0 |       0 |       0 |                                                                                                                                                       
  [TRAIN]ExerciseList.tsx                                                                                          |       0 |        0 |       0 |       0 | 1-136                                                                                                                                                 
  [TRAIN]ProgressChart.tsx                                                                                         |       0 |        0 |       0 |       0 | 1-93                                                                                                                                                  
  [TRAIN]TrainingDashboard.tsx                                                                                     |       0 |        0 |       0 |       0 | 1-229                                                                                                                                                 
 dojopool/frontend/components/Venue                                                                                |       0 |        0 |       0 |       0 |                                                                                                                                                       
  [VENUE]VenueDetail.tsx                                                                                           |       0 |        0 |       0 |       0 | 1-294                                                                                                                                                 
  [VENUE]VenueList.tsx                                                                                             |       0 |        0 |       0 |       0 | 1-157                                                                                                                                                 
  [VENUE]VenueRegister.tsx                                                                                         |       0 |        0 |       0 |       0 | 1-466                                                                                                                                                 
 dojopool/frontend/components/VirtualizedList                                                                      |       0 |        0 |       0 |       0 |                                                                                                                                                       
  index.tsx                                                                                                        |       0 |        0 |       0 |       0 | 1-69                                                                                                                                                  
 dojopool/frontend/components/events                                                                               |       0 |        0 |       0 |       0 |                                                                                                                                                       
  [EVENT]EventList.tsx                                                                                             |       0 |        0 |       0 |       0 | 1-289                                                                                                                                                 
 dojopool/frontend/components/experiments                                                                          |       0 |        0 |       0 |       0 |                                                                                                                                                       
  [TEST]CreateExperiment.tsx                                                                                       |       0 |        0 |       0 |       0 | 1-238                                                                                                                                                 
  [TEST]Dashboard.tsx                                                                                              |       0 |        0 |       0 |       0 | 1-241                                                                                                                                                 
 dojopool/frontend/components/marketplace                                                                          |       0 |        0 |       0 |       0 |                                                                                                                                                       
  MarketplaceGrid.tsx                                                                                              |       0 |        0 |       0 |       0 | 1-81                                                                                                                                                  
  MarketplaceLayout.tsx                                                                                            |       0 |        0 |       0 |       0 | 1-263                                                                                                                                                 
  [MARKET]CartView.tsx                                                                                             |       0 |        0 |       0 |       0 | 1-129                                                                                                                                                 
  [MARKET]InventoryView.tsx                                                                                        |       0 |        0 |       0 |       0 | 1-62                                                                                                                                                  
  [MARKET]TransactionHistory.tsx                                                                                   |       0 |        0 |       0 |       0 | 1-90                                                                                                                                                  
 dojopool/frontend/components/matches                                                                              |       0 |        0 |       0 |       0 |                                                                                                                                                       
  [GAME]LiveMatch.tsx                                                                                              |       0 |        0 |       0 |       0 | 1-98                                                                                                                                                  
 dojopool/frontend/components/tournaments                                                                          |       0 |        0 |       0 |       0 |                                                                                                                                                       
  TournamentDetail.tsx                                                                                             |       0 |        0 |       0 |       0 | 1-356                                                                                                                                                 
  TournamentForm.tsx                                                                                               |       0 |        0 |       0 |       0 | 1-253                                                                                                                                                 
 dojopool/frontend/components/venues                                                                               |       0 |        0 |       0 |       0 |                                                                                                                                                       
  [VENUE]CheckInSystem.tsx                                                                                         |       0 |        0 |       0 |       0 | 1-427                                                                                                                                                 
  [VENUE]EventManagement.tsx                                                                                       |       0 |        0 |       0 |       0 | 1-480                                                                                                                                                 
  [VENUE]LeaderboardList.tsx                                                                                       |       0 |        0 |       0 |       0 | 1-244                                                                                                                                                 
  [VENUE]VenueDetail.tsx                                                                                           |       0 |        0 |       0 |       0 | 1-152                                                                                                                                                 
  [VENUE]VenueList.tsx                                                                                             |       0 |        0 |       0 |       0 | 1-156                                                                                                                                                 
 dojopool/frontend/constants                                                                                       |       0 |        0 |       0 |       0 |                                                                                                                                                       
  index.ts                                                                                                         |       0 |        0 |       0 |       0 | 1-91                                                                                                                                                  
 dojopool/frontend/contexts                                                                                        |       0 |        0 |       0 |       0 |                                                                                                                                                       
  AuthContext.tsx                                                                                                  |       0 |        0 |       0 |       0 | 1-152                                                                                                                                                 
 dojopool/frontend/core/monitoring                                                                                 |       0 |        0 |       0 |       0 |                                                                                                                                                       
  metrics_monitor.ts                                                                                               |       0 |        0 |       0 |       0 | 1-188                                                                                                                                                 
  performance.ts                                                                                                   |       0 |        0 |       0 |       0 | 1-106                                                                                                                                                 
 dojopool/frontend/coverage/lcov-report                                                                            |       0 |        0 |       0 |       0 |                                                                                                                                                       
  block-navigation.js                                                                                              |       0 |        0 |       0 |       0 | 1-85                                                                                                                                                  
  prettify.js                                                                                                      |       0 |        0 |       0 |       0 | 1-1008                                                                                                                                                
  sorter.js                                                                                                        |       0 |        0 |       0 |       0 | 1-191                                                                                                                                                 
 dojopool/frontend/cypress/config                                                                                  |       0 |        0 |       0 |       0 |                                                                                                                                                       
  performance-thresholds.ts                                                                                        |       0 |        0 |       0 |       0 | 1-72                                                                                                                                                  
 dojopool/frontend/cypress/e2e/achievements                                                                        |       0 |        0 |       0 |       0 |                                                                                                                                                       
  achievement-flow.cy.ts                                                                                           |       0 |        0 |       0 |       0 | 1-228                                                                                                                                                 
 dojopool/frontend/cypress/e2e/api                                                                                 |       0 |        0 |       0 |       0 |                                                                                                                                                       
  api-mocking.cy.ts                                                                                                |       0 |        0 |       0 |       0 | 1-265                                                                                                                                                 
 dojopool/frontend/cypress/e2e/auth                                                                                |       0 |        0 |       0 |       0 |                                                                                                                                                       
  authentication.cy.ts                                                                                             |       0 |        0 |       0 |       0 | 1-90                                                                                                                                                  
 dojopool/frontend/cypress/e2e/critical-path                                                                       |       0 |        0 |       0 |       0 |                                                                                                                                                       
  achievement-tracking.cy.ts                                                                                       |       0 |        0 |       0 |       0 | 1-305                                                                                                                                                 
  error-recovery.cy.ts                                                                                             |       0 |        0 |       0 |       0 | 1-311                                                                                                                                                 
  shot-sync.cy.ts                                                                                                  |       0 |        0 |       0 |       0 | 1-274                                                                                                                                                 
  tournament-consistency.cy.ts                                                                                     |       0 |        0 |       0 |       0 | 1                                                                                                                                                     
 dojopool/frontend/cypress/e2e/load                                                                                |       0 |        0 |       0 |       0 |                                                                                                                                                       
  load-testing.cy.ts                                                                                               |       0 |        0 |       0 |       0 | 1-272                                                                                                                                                 
 dojopool/frontend/cypress/e2e/performance                                                                         |       0 |        0 |       0 |       0 |                                                                                                                                                       
  basic-performance.cy.ts                                                                                          |       0 |        0 |       0 |       0 | 1-5                                                                                                                                                   
  basic.cy.ts                                                                                                      |       0 |        0 |       0 |       0 | 1                                                                                                                                                     
  comprehensive-performance.cy.ts                                                                                  |       0 |        0 |       0 |       0 | 1                                                                                                                                                     
  edge-cases.cy.ts                                                                                                 |       0 |        0 |       0 |       0 | 1                                                                                                                                                     
  performance-monitoring.cy.ts                                                                                     |       0 |        0 |       0 |       0 | 1-297                                                                                                                                                 
  performance-tests.cy.ts                                                                                          |       0 |        0 |       0 |       0 | 1-72                                                                                                                                                  
  performance.cy.ts                                                                                                |       0 |        0 |       0 |       0 | 1-271                                                                                                                                                 
 dojopool/frontend/cypress/e2e/social                                                                              |       0 |        0 |       0 |       0 |                                                                                                                                                       
  social-features.cy.ts                                                                                            |       0 |        0 |       0 |       0 | 1                                                                                                                                                     
 dojopool/frontend/cypress/e2e/tournament                                                                          |       0 |        0 |       0 |       0 |                                                                                                                                                       
  tournament-flow.cy.ts                                                                                            |       0 |        0 |       0 |       0 | 1                                                                                                                                                     
 dojopool/frontend/cypress/e2e/visual                                                                              |       0 |        0 |       0 |       0 |                                                                                                                                                       
  map-visual.cy.ts                                                                                                 |       0 |        0 |       0 |       0 | 1-97                                                                                                                                                  
 dojopool/frontend/cypress/support                                                                                 |       0 |        0 |       0 |       0 |                                                                                                                                                       
  commands.ts                                                                                                      |       0 |        0 |       0 |       0 | 1                                                                                                                                                     
  e2e.ts                                                                                                           |       0 |        0 |       0 |       0 | 1                                                                                                                                                     
  performance-commands.ts                                                                                          |       0 |        0 |       0 |       0 | 1-98                                                                                                                                                  
  performance-helpers.ts                                                                                           |       0 |        0 |       0 |       0 | 1-185                                                                                                                                                 
  performance-reporter.ts                                                                                          |       0 |        0 |       0 |       0 | 1-133                                                                                                                                                 
  test-helpers.ts                                                                                                  |       0 |        0 |       0 |       0 | 1-117                                                                                                                                                 
 dojopool/frontend/hooks                                                                                           |       0 |        0 |       0 |       0 |                                                                                                                                                       
  [NOTIFY]useNotifications.ts                                                                                      |       0 |        0 |       0 |       0 | 1-77                                                                                                                                                  
  [TEST]useABTest.ts                                                                                               |       0 |        0 |       0 |       0 | 1-30                                                                                                                                                  
  [UTIL]useLocation.ts                                                                                             |       0 |        0 |       0 |       0 | 1-40                                                                                                                                                  
  useAuth.ts                                                                                                       |       0 |        0 |       0 |       0 | 1-131                                                                                                                                                 
  useGameState.ts                                                                                                  |       0 |        0 |       0 |       0 | 1-89                                                                                                                                                  
  useWebSocket.ts                                                                                                  |       0 |        0 |       0 |       0 | 1-49                                                                                                                                                  
 dojopool/frontend/pages                                                                                           |       0 |        0 |       0 |       0 |                                                                                                                                                       
  404.tsx                                                                                                          |       0 |        0 |       0 |       0 | 1-14                                                                                                                                                  
  _document.tsx                                                                                                    |       0 |        0 |       0 |       0 | 1-29                                                                                                                                                  
  _error.tsx                                                                                                       |       0 |        0 |       0 |       0 | 1-31                                                                                                                                                  
  index.tsx                                                                                                        |       0 |        0 |       0 |       0 | 1-9                                                                                                                                                   
 dojopool/frontend/public                                                                                          |       0 |        0 |       0 |       0 |                                                                                                                                                       
  service-worker.js                                                                                                |       0 |        0 |       0 |       0 | 1-129                                                                                                                                                 
 dojopool/frontend/routes                                                                                          |       0 |        0 |       0 |       0 |                                                                                                                                                       
  [ROUTE]TournamentRoutes.tsx                                                                                      |       0 |        0 |       0 |       0 | 1-34                                                                                                                                                  
  [ROUTE]VenueRoutes.tsx                                                                                           |       0 |        0 |       0 |       0 | 1-17                                                                                                                                                  
 dojopool/frontend/services                                                                                        |       0 |        0 |       0 |       0 |                                                                                                                                                       
  [AI]ai.ts                                                                                                        |       0 |        0 |       0 |       0 | 1-133                                                                                                                                                 
  [ANALYTICS]analytics.ts                                                                                          |       0 |        0 |       0 |       0 | 1-171                                                                                                                                                 
  [API]api.ts                                                                                                      |       0 |        0 |       0 |       0 | 1-61                                                                                                                                                  
  [AUTH]auth.ts                                                                                                    |       0 |        0 |       0 |       0 | 1-112                                                                                                                                                 
  [CACHE]cache.ts                                                                                                  |       0 |        0 |       0 |       0 | 1-659                                                                                                                                                 
  [GAME]leaderboard.ts                                                                                             |       0 |        0 |       0 |       0 | 1-98                                                                                                                                                  
  [GAME]match-updates.ts                                                                                           |       0 |        0 |       0 |       0 | 1-115                                                                                                                                                 
  [MARKET]marketplace.ts                                                                                           |       0 |        0 |       0 |       0 | 1-155                                                                                                                                                 
  [NET]networkStatus.ts                                                                                            |       0 |        0 |       0 |       0 | 1-195                                                                                                                                                 
  [NET]notification.ts                                                                                             |       0 |        0 |       0 |       0 | 1-212                                                                                                                                                 
  [NOTIFY]notification.ts                                                                                          |       0 |        0 |       0 |       0 | 1-518                                                                                                                                                 
  [NOTIFY]notifications.ts                                                                                         |       0 |        0 |       0 |       0 | 1-126                                                                                                                                                 
  [PERF]performance.ts                                                                                             |       0 |        0 |       0 |       0 | 1-219                                                                                                                                                 
  [ROUTE]router.ts                                                                                                 |       0 |        0 |       0 |       0 | 1-357                                                                                                                                                 
  [STATE]state.ts                                                                                                  |       0 |        0 |       0 |       0 | 1-279                                                                                                                                                 
  [STORE]storage.ts                                                                                                |       0 |        0 |       0 |       0 | 1-227                                                                                                                                                 
  [SYNC]sync.ts                                                                                                    |       0 |        0 |       0 |       0 | 1-230                                                                                                                                                 
  [TEST]abTesting.ts                                                                                               |       0 |        0 |       0 |       0 | 1-289                                                                                                                                                 
  [TRAIN]realtime-training.ts                                                                                      |       0 |        0 |       0 |       0 | 1-180                                                                                                                                                 
  [TRAIN]training.ts                                                                                               |       0 |        0 |       0 |       0 | 1-89                                                                                                                                                  
  [UI]dialog.ts                                                                                                    |       0 |        0 |       0 |       0 | 1-325                                                                                                                                                 
  [UI]form.ts                                                                                                      |       0 |        0 |       0 |       0 | 1-444                                                                                                                                                 
  [UI]keyboard.ts                                                                                                  |       0 |        0 |       0 |       0 | 1-273                                                                                                                                                 
  [UI]loading.ts                                                                                                   |       0 |        0 |       0 |       0 | 1-234                                                                                                                                                 
  [UI]media.ts                                                                                                     |       0 |        0 |       0 |       0 | 1-408                                                                                                                                                 
  [UI]modal.ts                                                                                                     |       0 |        0 |       0 |       0 | 1-288                                                                                                                                                 
  [UI]theme.ts                                                                                                     |       0 |        0 |       0 |       0 | 1-426                                                                                                                                                 
  [UI]toast.ts                                                                                                     |       0 |        0 |       0 |       0 | 1-222                                                                                                                                                 
  [USER]user.ts                                                                                                    |       0 |        0 |       0 |       0 | 1-84                                                                                                                                                  
  [VAL]validation.ts                                                                                               |       0 |        0 |       0 |       0 | 1-437                                                                                                                                                 
  [WS]websocket.ts                                                                                                 |       0 |        0 |       0 |       0 | 1-108                                                                                                                                                 
  abTesting.ts                                                                                                     |       0 |        0 |       0 |       0 | 1-16                                                                                                                                                  
  analytics.ts                                                                                                     |       0 |        0 |       0 |       0 | 1-19                                                                                                                                                  
  auth.ts                                                                                                          |       0 |        0 |       0 |       0 | 1-13                                                                                                                                                  
  avatar.ts                                                                                                        |       0 |        0 |       0 |       0 | 1-16                                                                                                                                                  
  marketplaceService.ts                                                                                            |       0 |        0 |       0 |       0 | 1-9                                                                                                                                                   
 dojopool/frontend/services/api                                                                                    |       0 |        0 |       0 |       0 |                                                                                                                                                       
  auth.ts                                                                                                          |       0 |        0 |       0 |       0 | 1-56                                                                                                                                                  
  client.ts                                                                                                        |       0 |        0 |       0 |       0 | 1-63                                                                                                                                                  
  game.ts                                                                                                          |       0 |        0 |       0 |       0 | 1-105                                                                                                                                                 
  index.ts                                                                                                         |       0 |        0 |       0 |       0 | 1-14                                                                                                                                                  
  leaderboard.ts                                                                                                   |       0 |        0 |       0 |       0 | 1-56                                                                                                                                                  
  profile.ts                                                                                                       |       0 |        0 |       0 |       0 | 1-94                                                                                                                                                  
 dojopool/frontend/services/websocket                                                                              |       0 |        0 |       0 |       0 |                                                                                                                                                       
  gameSocket.ts                                                                                                    |       0 |        0 |       0 |       0 | 1-268                                                                                                                                                 
 dojopool/frontend/src                                                                                             |       0 |        0 |       0 |       0 |                                                                                                                                                       
  App.tsx                                                                                                          |       0 |        0 |       0 |       0 | 1-15                                                                                                                                                  
  constants.ts                                                                                                     |       0 |        0 |       0 |       0 | 1-90                                                                                                                                                  
  index.tsx                                                                                                        |       0 |        0 |       0 |       0 | 1-32                                                                                                                                                  
  reportWebVitals.ts                                                                                               |       0 |        0 |       0 |       0 | 1-15                                                                                                                                                  
  theme.ts                                                                                                         |       0 |        0 |       0 |       0 | 1-110                                                                                                                                                 
 dojopool/frontend/src/components/Pages                                                                            |       0 |        0 |       0 |       0 |                                                                                                                                                       
  Home.tsx                                                                                                         |       0 |        0 |       0 |       0 | 1-102                                                                                                                                                 
 dojopool/frontend/src/components/admin                                                                            |       0 |        0 |       0 |       0 |                                                                                                                                                       
  AdminRoutes.tsx                                                                                                  |       0 |        0 |       0 |       0 | 1-14                                                                                                                                                  
  WebSocketMonitor.tsx                                                                                             |       0 |        0 |       0 |       0 | 1-218                                                                                                                                                 
 dojopool/frontend/src/components/layout                                                                           |       0 |        0 |       0 |       0 |                                                                                                                                                       
  Navigation.tsx                                                                                                   |       0 |        0 |       0 |       0 | 1-28                                                                                                                                                  
 dojopool/frontend/src/components/rankings                                                                         |       0 |        0 |       0 |       0 |                                                                                                                                                       
  GlobalRankings.tsx                                                                                               |       0 |        0 |       0 |       0 | 1-301                                                                                                                                                 
  PlayerStatsModal.tsx                                                                                             |       0 |        0 |       0 |       0 | 1-542                                                                                                                                                 
 dojopool/frontend/src/hooks                                                                                       |       0 |        0 |       0 |       0 |                                                                                                                                                       
  useRankingWebSocket.ts                                                                                           |       0 |        0 |       0 |       0 | 1-96                                                                                                                                                  
 dojopool/frontend/theme                                                                                           |       0 |        0 |       0 |       0 |                                                                                                                                                       
  [UI]index.ts                                                                                                     |       0 |        0 |       0 |       0 | 1-211                                                                                                                                                 
  index.ts                                                                                                         |       0 |        0 |       0 |       0 | 1-28                                                                                                                                                  
 dojopool/frontend/types                                                                                           |       0 |        0 |       0 |       0 |                                                                                                                                                       
  [AUTH]auth.ts                                                                                                    |       0 |        0 |       0 |       0 | 1-24                                                                                                                                                  
  [GAME]game.ts                                                                                                    |       0 |        0 |       0 |       0 | 1-28                                                                                                                                                  
  [MARKET]marketplace.ts                                                                                           |       0 |        0 |       0 |       0 | 1-30                                                                                                                                                  
  [MON]monitoring.ts                                                                                               |       0 |        0 |       0 |       0 | 1-96                                                                                                                                                  
  [TOURN]tournament.ts                                                                                             |       0 |        0 |       0 |       0 | 1-102                                                                                                                                                 
  [VENUE]venue.ts                                                                                                  |       0 |        0 |       0 |       0 | 1-91                                                                                                                                                  
  game.ts                                                                                                          |       0 |        0 |       0 |       0 | 1-61                                                                                                                                                  
  monitoring.ts                                                                                                    |       0 |        0 |       0 |       0 | 1-135                                                                                                                                                 
  tournament.ts                                                                                                    |       0 |        0 |       0 |       0 | 1-176                                                                                                                                                 
  venue.ts                                                                                                         |       0 |        0 |       0 |       0 | 1-164                                                                                                                                                 
 dojopool/frontend/utils                                                                                           |       0 |        0 |       0 |       0 |                                                                                                                                                       
  [API]apiMiddleware.ts                                                                                            |       0 |        0 |       0 |       0 | 1-316                                                                                                                                                 
  [AUTH]auth.ts                                                                                                    |       0 |        0 |       0 |       0 | 1-201                                                                                                                                                 
  [CACHE]cache.ts                                                                                                  |       0 |        0 |       0 |       0 | 1-74                                                                                                                                                  
  [ERR]errorHandling.ts                                                                                            |       0 |        0 |       0 |       0 | 1-74                                                                                                                                                  
  [ERR]errorTracker.ts                                                                                             |       0 |        0 |       0 |       0 | 1-299                                                                                                                                                 
  [GAME]gameMetricsMonitor.ts                                                                                      |       0 |        0 |       0 |       0 | 1-78                                                                                                                                                  
  [MON]monitoring.ts                                                                                               |       0 |        0 |       0 |       0 | 1-504                                                                                                                                                 
  [TEST]experimentTracker.ts                                                                                       |       0 |        0 |       0 |       0 | 1-118                                                                                                                                                 
  [UTIL]dataCompression.ts                                                                                         |       0 |        0 |       0 |       0 | 1-249                                                                                                                                                 
  [UTIL]dataCompressor.ts                                                                                          |       0 |        0 |       0 |       0 | 1-98                                                                                                                                                  
  [UTIL]format_detection.ts                                                                                        |       0 |        0 |       0 |       0 | 1-158                                                                                                                                                 
  [UTIL]location.ts                                                                                                |       0 |        0 |       0 |       0 | 1-81                                                                                                                                                  
  [UTIL]rateLimiter.ts                                                                                             |       0 |        0 |       0 |       0 | 1-188                                                                                                                                                 
  [UTIL]retryMechanism.ts                                                                                          |       0 |        0 |       0 |       0 | 1-125                                                                                                                                                 
  [UTIL]throttle.ts                                                                                                |       0 |        0 |       0 |       0 | 1-107                                                                                                                                                 
  [VAL]validation.ts                                                                                               |       0 |        0 |       0 |       0 | 1-165                                                                                                                                                 
  aiService.ts                                                                                                     |       0 |        0 |       0 |       0 | 1                                                                                                                                                     
  errorHandling.ts                                                                                                 |       0 |        0 |       0 |       0 | 1-44                                                                                                                                                  
  gameAnalyzer.ts                                                                                                  |       0 |        0 |       0 |       0 | 1-159                                                                                                                                                 
  gameML.ts                                                                                                        |       0 |        0 |       0 |       0 | 1-413                                                                                                                                                 
  gooseAI.ts                                                                                                       |       0 |        0 |       0 |       0 | 1-77                                                                                                                                                  
  gooseTest.ts                                                                                                     |       0 |        0 |       0 |       0 | 1                                                                                                                                                     
  location.ts                                                                                                      |       0 |        0 |       0 |       0 | 1-100                                                                                                                                                 
  mlInfrastructure.ts                                                                                              |       0 |        0 |       0 |       0 | 1-258                                                                                                                                                 
  monitoring.ts                                                                                                    |       0 |        0 |       0 |       0 | 1-1483                                                                                                                                                
  monitoringIntegration.ts                                                                                         |       0 |        0 |       0 |       0 | 1                                                                                                                                                     
  openAI.ts                                                                                                        |       0 |        0 |       0 |       0 | 1-80                                                                                                                                                  
  optimizationEngine.ts                                                                                            |       0 |        0 |       0 |       0 | 1-108                                                                                                                                                 
  patternRecognition.ts                                                                                            |       0 |        0 |       0 |       0 | 1-292                                                                                                                                                 
  pdfExport.ts                                                                                                     |       0 |        0 |       0 |       0 | 1-40                                                                                                                                                  
  performanceAnalysis.ts                                                                                           |       0 |        0 |       0 |       0 | 1                                                                                                                                                     
  resourceMonitoring.ts                                                                                            |       0 |        0 |       0 |       0 | 1                                                                                                                                                     
  validation.ts                                                                                                    |       0 |        0 |       0 |       0 | 1-50                                                                                                                                                  
 dojopool/frontend/websocket                                                                                       |       0 |        0 |       0 |       0 |                                                                                                                                                       
  client.ts                                                                                                        |       0 |        0 |       0 |       0 | 1                                                                                                                                                     
 dojopool/frontend/workers                                                                                         |       0 |        0 |       0 |       0 |                                                                                                                                                       
  test-helpers.ts                                                                                                  |       0 |        0 |       0 |       0 | 1-146                                                                                                                                                 
 dojopool/hooks                                                                                                    |       0 |        0 |       0 |       0 |                                                                                                                                                       
  useAI.ts                                                                                                         |       0 |        0 |       0 |       0 | 1-222                                                                                                                                                 
  useAnalytics.ts                                                                                                  |       0 |        0 |       0 |       0 | 1-189                                                                                                                                                 
  usePerformanceMonitor.ts                                                                                         |       0 |        0 |       0 |       0 | 1-142                                                                                                                                                 
  usePredictiveAnalytics.ts                                                                                        |       0 |        0 |       0 |       0 | 1-155                                                                                                                                                 
 dojopool/mobile                                                                                                   |       0 |        0 |       0 |       0 |                                                                                                                                                       
  App.tsx                                                                                                          |       0 |        0 |       0 |       0 | 1-21                                                                                                                                                  
  config.ts                                                                                                        |       0 |        0 |       0 |       0 | 1-53                                                                                                                                                  
 dojopool/mobile/navigation                                                                                        |       0 |        0 |       0 |       0 |                                                                                                                                                       
  RootNavigator.tsx                                                                                                |       0 |        0 |       0 |       0 | 1-81                                                                                                                                                  
 dojopool/mobile/screens/auth                                                                                      |       0 |        0 |       0 |       0 |                                                                                                                                                       
  LoginScreen.tsx                                                                                                  |       0 |        0 |       0 |       0 | 1-141                                                                                                                                                 
 dojopool/mobile/screens/game                                                                                      |       0 |        0 |       0 |       0 |                                                                                                                                                       
  GameSummaryScreen.tsx                                                                                            |       0 |        0 |       0 |       0 | 1-225                                                                                                                                                 
  GameTrackingScreen.tsx                                                                                           |       0 |        0 |       0 |       0 | 1-177                                                                                                                                                 
 dojopool/mobile/utils                                                                                             |       0 |        0 |       0 |       0 |                                                                                                                                                       
  camera.ts                                                                                                        |       0 |        0 |       0 |       0 | 1-81                                                                                                                                                  
  storage.ts                                                                                                       |       0 |        0 |       0 |       0 | 1-106                                                                                                                                                 
  sync.ts                                                                                                          |       0 |        0 |       0 |       0 | 1-106                                                                                                                                                 
  theme.ts                                                                                                         |       0 |        0 |       0 |       0 | 1-62                                                                                                                                                  
 dojopool/scripts                                                                                                  |       0 |        0 |       0 |       0 |                                                                                                                                                       
  convert_to_avif.js                                                                                               |       0 |        0 |       0 |       0 | 1-31                                                                                                                                                  
  convert_to_avif.ts                                                                                               |       0 |        0 |       0 |       0 | 1-44                                                                                                                                                  
 dojopool/services                                                                                                 |       0 |        0 |       0 |       0 |                                                                                                                                                       
  ml.service.ts                                                                                                    |       0 |        0 |       0 |       0 | 1-141                                                                                                                                                 
 dojopool/static/icons                                                                                             |       0 |        0 |       0 |       0 |                                                                                                                                                       
  generate-app-icons.js                                                                                            |       0 |        0 |       0 |       0 | 1-82                                                                                                                                                  
 dojopool/static/js                                                                                                |       0 |        0 |       0 |       0 |                                                                                                                                                       
  achievements.js                                                                                                  |       0 |        0 |       0 |       0 | 1-227                                                                                                                                                 
  achievements.ts                                                                                                  |       0 |        0 |       0 |       0 | 1-276                                                                                                                                                 
  alertConfig.js                                                                                                   |       0 |        0 |       0 |       0 | 1-232                                                                                                                                                 
  alertConfig.ts                                                                                                   |       0 |        0 |       0 |       0 | 1-249                                                                                                                                                 
  alertSystem.js                                                                                                   |       0 |        0 |       0 |       0 | 1-249                                                                                                                                                 
  alertSystem.ts                                                                                                   |       0 |        0 |       0 |       0 | 1-265                                                                                                                                                 
  alerts-ui.d.ts                                                                                                   |       0 |        0 |       0 |       0 | 1-23                                                                                                                                                  
  alerts-ui.js                                                                                                     |       0 |        0 |       0 |       0 | 1-108                                                                                                                                                 
  alerts-ui.ts                                                                                                     |       0 |        0 |       0 |       0 | 1-128                                                                                                                                                 
  analytics-view.ts                                                                                                |       0 |        0 |       0 |       0 | 1-474                                                                                                                                                 
  bandwidthTracker.js                                                                                              |       0 |        0 |       0 |       0 | 1-151                                                                                                                                                 
  bandwidthTracker.ts                                                                                              |       0 |        0 |       0 |       0 | 1-168                                                                                                                                                 
  chat.js                                                                                                          |       0 |        0 |       0 |       0 | 1-402                                                                                                                                                 
  chat.ts                                                                                                          |       0 |        0 |       0 |       0 | 1-460                                                                                                                                                 
  components.js                                                                                                    |       0 |        0 |       0 |       0 | 1-240                                                                                                                                                 
  components.ts                                                                                                    |       0 |        0 |       0 |       0 | 1-270                                                                                                                                                 
  config.ts                                                                                                        |       0 |        0 |       0 |       0 | 1-101                                                                                                                                                 
  connectionManager.js                                                                                             |       0 |        0 |       0 |       0 | 1-123                                                                                                                                                 
  connectionManager.ts                                                                                             |       0 |        0 |       0 |       0 | 1-135                                                                                                                                                 
  db.js                                                                                                            |       0 |        0 |       0 |       0 | 1-187                                                                                                                                                 
  db.ts                                                                                                            |       0 |        0 |       0 |       0 | 1-197                                                                                                                                                 
  debugPanel.js                                                                                                    |       0 |        0 |       0 |       0 | 1-179                                                                                                                                                 
  debugPanel.ts                                                                                                    |       0 |        0 |       0 |       0 | 1-197                                                                                                                                                 
  frame-worker.ts                                                                                                  |       0 |        0 |       0 |       0 | 1-253                                                                                                                                                 
  game.js                                                                                                          |       0 |        0 |       0 |       0 | 1-165                                                                                                                                                 
  game.ts                                                                                                          |       0 |        0 |       0 |       0 | 1-197                                                                                                                                                 
  imageLoader.js                                                                                                   |       0 |        0 |       0 |       0 | 1-279                                                                                                                                                 
  imageLoader.ts                                                                                                   |       0 |        0 |       0 |       0 | 1-298                                                                                                                                                 
  landing.js                                                                                                       |       0 |        0 |       0 |       0 | 1-71                                                                                                                                                  
  leaderboard.js                                                                                                   |       0 |        0 |       0 |       0 | 1-80                                                                                                                                                  
  leaderboard.ts                                                                                                   |       0 |        0 |       0 |       0 | 1-88                                                                                                                                                  
  main.js                                                                                                          |       0 |        0 |       0 |       0 | 1-136                                                                                                                                                 
  main.ts                                                                                                          |       0 |        0 |       0 |       0 | 1-156                                                                                                                                                 
  map.js                                                                                                           |       0 |        0 |       0 |       0 | 1-241                                                                                                                                                 
  map.ts                                                                                                           |       0 |        0 |       0 |       0 | 1-1981                                                                                                                                                
  mapThemes.js                                                                                                     |       0 |        0 |       0 |       0 | 1-96                                                                                                                                                  
  mapThemes.ts                                                                                                     |       0 |        0 |       0 |       0 | 1-100                                                                                                                                                 
  maps.js                                                                                                          |       0 |        0 |       0 |       0 | 1-174                                                                                                                                                 
  maps.ts                                                                                                          |       0 |        0 |       0 |       0 | 1-183                                                                                                                                                 
  metricsDashboard.js                                                                                              |       0 |        0 |       0 |       0 | 1-273                                                                                                                                                 
  metricsDashboard.ts                                                                                              |       0 |        0 |       0 |       0 | 1-290                                                                                                                                                 
  multiplayer.js                                                                                                   |       0 |        0 |       0 |       0 | 1-336                                                                                                                                                 
  multiplayer.ts                                                                                                   |       0 |        0 |       0 |       0 | 1-395                                                                                                                                                 
  navigation.js                                                                                                    |       0 |        0 |       0 |       0 | 1-60                                                                                                                                                  
  navigation.ts                                                                                                    |       0 |        0 |       0 |       0 | 1-69                                                                                                                                                  
  networkStatus.js                                                                                                 |       0 |        0 |       0 |       0 | 1-311                                                                                                                                                 
  networkStatus.ts                                                                                                 |       0 |        0 |       0 |       0 | 1-327                                                                                                                                                 
  notifications.js                                                                                                 |       0 |        0 |       0 |       0 | 1-430                                                                                                                                                 
  notifications.ts                                                                                                 |       0 |        0 |       0 |       0 | 1-449                                                                                                                                                 
  performance-init.ts                                                                                              |       0 |        0 |       0 |       0 | 1-194                                                                                                                                                 
  performanceMetrics.js                                                                                            |       0 |        0 |       0 |       0 | 1-184                                                                                                                                                 
  performanceMetrics.ts                                                                                            |       0 |        0 |       0 |       0 | 1-200                                                                                                                                                 
  pwa.js                                                                                                           |       0 |        0 |       0 |       0 | 1-419                                                                                                                                                 
  pwa.ts                                                                                                           |       0 |        0 |       0 |       0 | 1-433                                                                                                                                                 
  responsive.js                                                                                                    |       0 |        0 |       0 |       0 | 1-209                                                                                                                                                 
  responsive.ts                                                                                                    |       0 |        0 |       0 |       0 | 1-217                                                                                                                                                 
  service-worker.js                                                                                                |       0 |        0 |       0 |       0 | 1-218                                                                                                                                                 
  service-worker.ts                                                                                                |       0 |        0 |       0 |       0 | 1-157                                                                                                                                                 
  shot-analytics.ts                                                                                                |       0 |        0 |       0 |       0 | 1-194                                                                                                                                                 
  shot-predictor.ts                                                                                                |       0 |        0 |       0 |       0 | 1-277                                                                                                                                                 
  socket-pool.ts                                                                                                   |       0 |        0 |       0 |       0 | 1-224                                                                                                                                                 
  socket.types.ts                                                                                                  |       0 |        0 |       0 |       0 | 1-27                                                                                                                                                  
  socket_example.ts                                                                                                |       0 |        0 |       0 |       0 | 1-44                                                                                                                                                  
  socket_manager.js                                                                                                |       0 |        0 |       0 |       0 | 1-477                                                                                                                                                 
  socket_manager.ts                                                                                                |       0 |        0 |       0 |       0 | 1-251                                                                                                                                                 
  socket_metrics.ts                                                                                                |       0 |        0 |       0 |       0 | 1-103                                                                                                                                                 
  socket_metrics_types.ts                                                                                          |       0 |        0 |       0 |       0 | 1-39                                                                                                                                                  
  socket_types.ts                                                                                                  |       0 |        0 |       0 |       0 | 1-39                                                                                                                                                  
  sync-manager.js                                                                                                  |       0 |        0 |       0 |       0 | 1-179                                                                                                                                                 
  sync-manager.ts                                                                                                  |       0 |        0 |       0 |       0 | 1-205                                                                                                                                                 
  theme.js                                                                                                         |       0 |        0 |       0 |       0 | 1-62                                                                                                                                                  
  theme.ts                                                                                                         |       0 |        0 |       0 |       0 | 1-66                                                                                                                                                  
  tournament_bracket.js                                                                                            |       0 |        0 |       0 |       0 | 1-206                                                                                                                                                 
  tournament_bracket.ts                                                                                            |       0 |        0 |       0 |       0 | 1-216                                                                                                                                                 
  tournaments.js                                                                                                   |       0 |        0 |       0 |       0 | 1-140                                                                                                                                                 
  tournaments.ts                                                                                                   |       0 |        0 |       0 |       0 | 1-152                                                                                                                                                 
  trendAnalysis.js                                                                                                 |       0 |        0 |       0 |       0 | 1-259                                                                                                                                                 
  trendAnalysis.ts                                                                                                 |       0 |        0 |       0 |       0 | 1-336                                                                                                                                                 
  trendVisualization.js                                                                                            |       0 |        0 |       0 |       0 | 1-178                                                                                                                                                 
  trendVisualization.ts                                                                                            |       0 |        0 |       0 |       0 | 1-263                                                                                                                                                 
  umpire.js                                                                                                        |       0 |        0 |       0 |       0 | 1-555                                                                                                                                                 
  umpire.new.ts                                                                                                    |       0 |        0 |       0 |       0 | 1-576                                                                                                                                                 
  umpire.ts                                                                                                        |       0 |        0 |       0 |       0 | 1-237                                                                                                                                                 
  utils.js                                                                                                         |       0 |        0 |       0 |       0 | 1-150                                                                                                                                                 
  utils.ts                                                                                                         |       0 |        0 |       0 |       0 | 1-174                                                                                                                                                 
  venue.js                                                                                                         |       0 |        0 |       0 |       0 | 1-351                                                                                                                                                 
  venues.js                                                                                                        |       0 |        0 |       0 |       0 | 1-288                                                                                                                                                 
  venues.ts                                                                                                        |       0 |        0 |       0 |       0 | 1-353                                                                                                                                                 
  wasm-processor.ts                                                                                                |       0 |        0 |       0 |       0 | 1-97                                                                                                                                                  
  websocket_manager.js                                                                                             |       0 |        0 |       0 |       0 | 1-193                                                                                                                                                 
 dojopool/static/js/api                                                                                            |       0 |        0 |       0 |       0 |                                                                                                                                                       
  client.ts                                                                                                        |       0 |        0 |       0 |       0 | 1-222                                                                                                                                                 
  socket.ts                                                                                                        |       0 |        0 |       0 |       0 | 1-197                                                                                                                                                 
 dojopool/static/js/components                                                                                     |       0 |        0 |       0 |       0 |                                                                                                                                                       
  SocketMonitor.tsx                                                                                                |       0 |        0 |       0 |       0 | 1-190                                                                                                                                                 
  ThemeToggle.js                                                                                                   |       0 |        0 |       0 |       0 | 1-86                                                                                                                                                  
  ThemeToggle.ts                                                                                                   |       0 |        0 |       0 |       0 | 1-94                                                                                                                                                  
  VenueInfoWindow.js                                                                                               |       0 |        0 |       0 |       0 | 1-199                                                                                                                                                 
  VenueInfoWindow.ts                                                                                               |       0 |        0 |       0 |       0 | 1-207                                                                                                                                                 
  notification.js                                                                                                  |       0 |        0 |       0 |       0 | 1-157                                                                                                                                                 
  notification.ts                                                                                                  |       0 |        0 |       0 |       0 | 1-165                                                                                                                                                 
  performance-status.js                                                                                            |       0 |        0 |       0 |       0 | 1-234                                                                                                                                                 
  quality-indicator.ts                                                                                             |       0 |        0 |       0 |       0 | 1-406                                                                                                                                                 
  rating.js                                                                                                        |       0 |        0 |       0 |       0 | 1-279                                                                                                                                                 
  rating.ts                                                                                                        |       0 |        0 |       0 |       0 | 1-287                                                                                                                                                 
  review.js                                                                                                        |       0 |        0 |       0 |       0 | 1-318                                                                                                                                                 
  review.ts                                                                                                        |       0 |        0 |       0 |       0 | 1-330                                                                                                                                                 
  share_button.js                                                                                                  |       0 |        0 |       0 |       0 | 1-117                                                                                                                                                 
  share_button.ts                                                                                                  |       0 |        0 |       0 |       0 | 1-125                                                                                                                                                 
 dojopool/static/js/game                                                                                           |       0 |        0 |       0 |       0 |                                                                                                                                                       
  socket.js                                                                                                        |       0 |        0 |       0 |       0 | 1-163                                                                                                                                                 
  visualization.js                                                                                                 |       0 |        0 |       0 |       0 | 1-231                                                                                                                                                 
 dojopool/static/js/managers                                                                                       |       0 |        0 |       0 |       0 |                                                                                                                                                       
  base-manager.ts                                                                                                  |       0 |        0 |       0 |       0 | 1-26                                                                                                                                                  
  device-profile-manager.ts                                                                                        |       0 |        0 |       0 |       0 | 1-251                                                                                                                                                 
  error-recovery.ts                                                                                                |       0 |        0 |       0 |       0 | 1-144                                                                                                                                                 
  memory-manager.ts                                                                                                |       0 |        0 |       0 |       0 | 1-66                                                                                                                                                  
  network-profiler.ts                                                                                              |       0 |        0 |       0 |       0 | 1-264                                                                                                                                                 
  performance-budget.ts                                                                                            |       0 |        0 |       0 |       0 | 1-288                                                                                                                                                 
  performance-monitor.ts                                                                                           |       0 |        0 |       0 |       0 | 1-288                                                                                                                                                 
  performance-profiler.ts                                                                                          |       0 |        0 |       0 |       0 | 1-513                                                                                                                                                 
  performance-reporter.ts                                                                                          |       0 |        0 |       0 |       0 | 1-398                                                                                                                                                 
  performance-visualizer.ts                                                                                        |       0 |        0 |       0 |       0 | 1-342                                                                                                                                                 
  resource-visualizer.ts                                                                                           |       0 |        0 |       0 |       0 | 1-230                                                                                                                                                 
  shader-manager.ts                                                                                                |       0 |        0 |       0 |       0 | 1-256                                                                                                                                                 
  transition-manager.ts                                                                                            |       0 |        0 |       0 |       0 | 1-152                                                                                                                                                 
  webgl-context-manager.ts                                                                                         |       0 |        0 |       0 |       0 | 1-1684                                                                                                                                                
  webgl-profiler.ts                                                                                                |       0 |        0 |       0 |       0 | 1-143                                                                                                                                                 
  worker-memory-monitor.ts                                                                                         |       0 |        0 |       0 |       0 | 1-176                                                                                                                                                 
  worker-profiler.ts                                                                                               |       0 |        0 |       0 |       0 | 1-172                                                                                                                                                 
 dojopool/static/js/managers/__tests__                                                                             |       0 |        0 |       0 |       0 |                                                                                                                                                       
  mobile-device-tests.ts                                                                                           |       0 |        0 |       0 |       0 | 1-187                                                                                                                                                 
 dojopool/static/js/processors                                                                                     |       0 |        0 |       0 |       0 |                                                                                                                                                       
  frame-processor.ts                                                                                               |       0 |        0 |       0 |       0 | 1-285                                                                                                                                                 
 dojopool/static/js/shaders                                                                                        |       0 |        0 |       0 |       0 |                                                                                                                                                       
  shot-detection.ts                                                                                                |       0 |        0 |       0 |       0 | 1-120                                                                                                                                                 
 dojopool/static/js/store                                                                                          |       0 |        0 |       0 |       0 |                                                                                                                                                       
  store.ts                                                                                                         |       0 |        0 |       0 |       0 | 1-165                                                                                                                                                 
 dojopool/static/js/types                                                                                          |       0 |        0 |       0 |       0 |                                                                                                                                                       
  frame.types.ts                                                                                                   |       0 |        0 |       0 |       0 | 1-44                                                                                                                                                  
  index.ts                                                                                                         |       0 |        0 |       0 |       0 | 1-29                                                                                                                                                  
  kalman.types.ts                                                                                                  |       0 |        0 |       0 |       0 | 1-17                                                                                                                                                  
  memory.types.ts                                                                                                  |       0 |        0 |       0 |       0 | 1-26                                                                                                                                                  
  performance.types.ts                                                                                             |       0 |        0 |       0 |       0 | 1-32                                                                                                                                                  
  socket.d.ts                                                                                                      |       0 |        0 |       0 |       0 | 1-28                                                                                                                                                  
  webgl.types.ts                                                                                                   |       0 |        0 |       0 |       0 | 1-27                                                                                                                                                  
  worker.types.ts                                                                                                  |       0 |        0 |       0 |       0 | 1-34                                                                                                                                                  
 dojopool/static/js/umpire                                                                                         |       0 |        0 |       0 |       0 |                                                                                                                                                       
  frame-capture.ts                                                                                                 |       0 |        0 |       0 |       0 | 1-64                                                                                                                                                  
  index.ts                                                                                                         |       0 |        0 |       0 |       0 | 1-119                                                                                                                                                 
  shot-detection.ts                                                                                                |       0 |        0 |       0 |       0 | 1-50                                                                                                                                                  
  socket-handlers.ts                                                                                               |       0 |        0 |       0 |       0 | 1-47                                                                                                                                                  
  state.ts                                                                                                         |       0 |        0 |       0 |       0 | 1-35                                                                                                                                                  
  ui.ts                                                                                                            |       0 |        0 |       0 |       0 | 1-99                                                                                                                                                  
 dojopool/static/js/utils                                                                                          |       0 |        0 |       0 |       0 |                                                                                                                                                       
  ui.ts                                                                                                            |       0 |        0 |       0 |       0 | 1-227                                                                                                                                                 
 dojopool/static/js/workers                                                                                        |       0 |        0 |       0 |       0 |                                                                                                                                                       
  memory-reporter.ts                                                                                               |       0 |        0 |       0 |       0 | 1-256                                                                                                                                                 
  shot-detection-worker.ts                                                                                         |       0 |        0 |       0 |       0 | 1-129                                                                                                                                                 
  shot-detection.worker.ts                                                                                         |       0 |        0 |       0 |       0 | 1-414                                                                                                                                                 
 dojopool/static/screenshots                                                                                       |       0 |        0 |       0 |       0 |                                                                                                                                                       
  generate-feature-graphics.js                                                                                     |       0 |        0 |       0 |       0 | 1-200                                                                                                                                                 
  generate-screenshots.js                                                                                          |       0 |        0 |       0 |       0 | 1-156                                                                                                                                                 
 dojopool/static/screenshots/__tests__                                                                             |       0 |        0 |       0 |       0 |                                                                                                                                                       
  generate-feature-graphics.test.js                                                                                |       0 |        0 |       0 |       0 | 1-68                                                                                                                                                  
  generate-screenshots.test.js                                                                                     |       0 |        0 |       0 |       0 | 1-60                                                                                                                                                  
 dojopool/tests                                                                                                    |       0 |        0 |       0 |       0 |                                                                                                                                                       
  runTests.js                                                                                                      |       0 |        0 |       0 |       0 | 1-50                                                                                                                                                  
 dojopool/tests/performance                                                                                        |       0 |        0 |       0 |       0 |                                                                                                                                                       
  automated_suite.tsx                                                                                              |       0 |        0 |       0 |       0 | 1-23                                                                                                                                                  
 dojopool/types                                                                                                    |       0 |        0 |       0 |       0 |                                                                                                                                                       
  training.ts                                                                                                      |       0 |        0 |       0 |       0 | 1-67                                                                                                                                                  
  user.ts                                                                                                          |       0 |        0 |       0 |       0 | 1-50                                                                                                                                                  
 dojopool/utils                                                                                                    |       0 |        0 |       0 |       0 |                                                                                                                                                       
  errorTracker.ts                                                                                                  |       0 |        0 |       0 |       0 | 1                                                                                                                                                     
 features/coaching                                                                                                 |       0 |        0 |       0 |       0 |                                                                                                                                                       
  AICoach.ts                                                                                                       |       0 |        0 |       0 |       0 | 1-398                                                                                                                                                 
 features/game                                                                                                     |       0 |        0 |       0 |       0 |                                                                                                                                                       
  BallDistributionPieChart.tsx                                                                                     |       0 |        0 |       0 |       0 | 1-41                                                                                                                                                  
  GameAnalysis.tsx                                                                                                 |       0 |        0 |       0 |       0 | 1-1192                                                                                                                                                
  GameTracker.tsx                                                                                                  |       0 |        0 |       0 |       0 | 1-140                                                                                                                                                 
  LiveCommentary.tsx                                                                                               |       0 |        0 |       0 |       0 | 1-89                                                                                                                                                  
  PostGameAnalytics.tsx                                                                                            |       0 |        0 |       0 |       0 | 1-111                                                                                                                                                 
  RealTimeGameView.tsx                                                                                             |       0 |        0 |       0 |       0 | 1-195                                                                                                                                                 
  gameAnalysisUtils.ts                                                                                             |       0 |        0 |       0 |       0 | 1-6                                                                                                                                                   
 features/players                                                                                                  |       0 |        0 |       0 |       0 |                                                                                                                                                       
  PlayerProfile.tsx                                                                                                |       0 |        0 |       0 |       0 | 1-213                                                                                                                                                 
 features/recommendations                                                                                          |       0 |        0 |       0 |       0 |                                                                                                                                                       
  PlayerRecommender.ts                                                                                             |       0 |        0 |       0 |       0 | 1-273                                                                                                                                                 
 features/rewards                                                                                                  |       0 |        0 |       0 |       0 |                                                                                                                                                       
  RewardsDashboard.tsx                                                                                             |       0 |        0 |       0 |       0 | 1-223                                                                                                                                                 
  RewardsShop.tsx                                                                                                  |       0 |        0 |       0 |       0 | 1-111                                                                                                                                                 
 features/tournaments                                                                                              |       0 |        0 |       0 |       0 |                                                                                                                                                       
  TournamentManager.ts                                                                                             |       0 |        0 |       0 |       0 | 1                                                                                                                                                     
 features/venues                                                                                                   |       0 |        0 |       0 |       0 |                                                                                                                                                       
  TableAvailabilityDashboard.tsx                                                                                   |       0 |        0 |       0 |       0 | 1-356                                                                                                                                                 
  VenueAnalyticsDashboard.tsx                                                                                      |       0 |        0 |       0 |       0 | 1-441                                                                                                                                                 
  VenueManager.tsx                                                                                                 |       0 |        0 |       0 |       0 | 1-429                                                                                                                                                 
  types.ts                                                                                                         |       0 |        0 |       0 |       0 | 1-27                                                                                                                                                  
 features/venues/components                                                                                        |       0 |        0 |       0 |       0 |                                                                                                                                                       
  VenueAnalyticsVisualizations.tsx                                                                                 |       0 |        0 |       0 |       0 | 1-295                                                                                                                                                 
 features/venues/services                                                                                          |       0 |        0 |       0 |       0 |                                                                                                                                                       
  exportService.ts                                                                                                 |       0 |        0 |       0 |       0 | 1-173                                                                                                                                                 
  monitoringService.ts                                                                                             |       0 |        0 |       0 |       0 | 1-153                                                                                                                                                 
 features/vision                                                                                                   |       0 |        0 |       0 |       0 |                                                                                                                                                       
  ShotAnalyzer.ts                                                                                                  |       0 |        0 |       0 |       0 | 1-217                                                                                                                                                 
 firebase                                                                                                          |       0 |        0 |       0 |       0 |                                                                                                                                                       
  admin.ts                                                                                                         |       0 |        0 |       0 |       0 | 1-14                                                                                                                                                  
  auth.ts                                                                                                          |       0 |        0 |       0 |       0 | 1-469                                                                                                                                                 
  config.ts                                                                                                        |       0 |        0 |       0 |       0 | 1-3                                                                                                                                                   
  email.ts                                                                                                         |       0 |        0 |       0 |       0 | 1-26                                                                                                                                                  
  firebase.ts                                                                                                      |       0 |        0 |       0 |       0 | 1-112                                                                                                                                                 
  firestore.ts                                                                                                     |       0 |        0 |       0 |       0 | 1-210                                                                                                                                                 
  storage.ts                                                                                                       |       0 |        0 |       0 |       0 | 1-77                                                                                                                                                  
  types.ts                                                                                                         |       0 |        0 |       0 |       0 | 1-67                                                                                                                                                  
 firebase/functions                                                                                                |       0 |        0 |       0 |       0 |                                                                                                                                                       
  email.ts                                                                                                         |       0 |        0 |       0 |       0 | 1-51                                                                                                                                                  
 frontend                                                                                                          |       0 |        0 |       0 |       0 |                                                                                                                                                       
  App.tsx                                                                                                          |       0 |        0 |       0 |       0 | 1-143                                                                                                                                                 
  main.tsx                                                                                                         |       0 |        0 |       0 |       0 | 1-43                                                                                                                                                  
 frontend/api                                                                                                      |       0 |        0 |       0 |       0 |                                                                                                                                                       
  axiosInstance.ts                                                                                                 |       0 |        0 |       0 |       0 | 1-44                                                                                                                                                  
  tournamentApi.ts                                                                                                 |       0 |        0 |       0 |       0 | 1-45                                                                                                                                                  
  tournaments.ts                                                                                                   |       0 |        0 |       0 |       0 | 1-20                                                                                                                                                  
  walletApi.ts                                                                                                     |       0 |        0 |       0 |       0 | 1-14                                                                                                                                                  
 frontend/components                                                                                               |       0 |        0 |       0 |       0 |                                                                                                                                                       
  AvatarEditor.tsx                                                                                                 |       0 |        0 |       0 |       0 | 1-113                                                                                                                                                 
  CheckInVerifier.tsx                                                                                              |       0 |        0 |       0 |       0 | 1-229                                                                                                                                                 
  MapView.tsx                                                                                                      |       0 |        0 |       0 |       0 | 1-54                                                                                                                                                  
  Marketplace.tsx                                                                                                  |       0 |        0 |       0 |       0 | 1-75                                                                                                                                                  
  Payment.tsx                                                                                                      |       0 |        0 |       0 |       0 | 1-144                                                                                                                                                 
  QRCodeGenerator.tsx                                                                                              |       0 |        0 |       0 |       0 | 1-146                                                                                                                                                 
  QRCodeScanner.tsx                                                                                                |       0 |        0 |       0 |       0 | 1-199                                                                                                                                                 
  StatsPanel.tsx                                                                                                   |       0 |        0 |       0 |       0 | 1-77                                                                                                                                                  
  TournamentAnalytics.tsx                                                                                          |       0 |        0 |       0 |       0 | 1-319                                                                                                                                                 
  TournamentBracket.tsx                                                                                            |       0 |        0 |       0 |       0 | 1-163                                                                                                                                                 
  TournamentChat.tsx                                                                                               |       0 |        0 |       0 |       0 | 1-436                                                                                                                                                 
  TournamentDetail.tsx                                                                                             |       0 |        0 |       0 |       0 | 1-173                                                                                                                                                 
  TournamentList.tsx                                                                                               |       0 |        0 |       0 |       0 | 1-90                                                                                                                                                  
  TournamentNotifications.tsx                                                                                      |       0 |        0 |       0 |       0 | 1-388                                                                                                                                                 
  TournamentPayment.tsx                                                                                            |       0 |        0 |       0 |       0 | 1-167                                                                                                                                                 
  TournamentRewards.tsx                                                                                            |       0 |        0 |       0 |       0 | 1-380                                                                                                                                                 
  TrophyCabinet.tsx                                                                                                |       0 |        0 |       0 |       0 | 1-96                                                                                                                                                  
  VideoHighlights.tsx                                                                                              |       0 |        0 |       0 |       0 | 1-298                                                                                                                                                 
  WalletView.tsx                                                                                                   |       0 |        0 |       0 |       0 | 1-119                                                                                                                                                 
 frontend/components/Auth                                                                                          |       0 |        0 |       0 |       0 |                                                                                                                                                       
  Login.tsx                                                                                                        |       0 |        0 |       0 |       0 | 1-174                                                                                                                                                 
  Register.tsx                                                                                                     |       0 |        0 |       0 |       0 | 1-195                                                                                                                                                 
 frontend/components/Dashboard                                                                                     |       0 |        0 |       0 |       0 |                                                                                                                                                       
  ActiveGamesList.tsx                                                                                              |       0 |        0 |       0 |       0 | 1-121                                                                                                                                                 
  CreateGameForm.tsx                                                                                               |       0 |        0 |       0 |       0 | 1-500                                                                                                                                                 
  Dashboard.tsx                                                                                                    |       0 |        0 |       0 |       0 | 1-160                                                                                                                                                 
  TournamentDetail.tsx                                                                                             |       0 |        0 |       0 |       0 | 1-277                                                                                                                                                 
  TournamentList.tsx                                                                                               |       0 |        0 |       0 |       0 | 1-152                                                                                                                                                 
  Wallet.tsx                                                                                                       |       0 |        0 |       0 |       0 | 1-204                                                                                                                                                 
 frontend/components/Game                                                                                          |       0 |        0 |       0 |       0 |                                                                                                                                                       
  GameView.tsx                                                                                                     |       0 |        0 |       0 |       0 | 1-210                                                                                                                                                 
  LiveGameDisplay.tsx                                                                                              |       0 |        0 |       0 |       0 | 1-100                                                                                                                                                 
 frontend/components/Social                                                                                        |       0 |        0 |       0 |       0 |                                                                                                                                                       
  Feed.tsx                                                                                                         |       0 |        0 |       0 |       0 | 1-223                                                                                                                                                 
  Profile.tsx                                                                                                      |       0 |        0 |       0 |       0 | 1-214                                                                                                                                                 
 frontend/components/admin                                                                                         |       0 |        0 |       0 |       0 |                                                                                                                                                       
  StatCard.tsx                                                                                                     |       0 |        0 |       0 |       0 | 1-38                                                                                                                                                  
  WebSocketMonitor.tsx                                                                                             |       0 |        0 |       0 |       0 | 1-445                                                                                                                                                 
 frontend/components/rewards                                                                                       |       0 |        0 |       0 |       0 |                                                                                                                                                       
  RewardsDisplayPanel.tsx                                                                                          |       0 |        0 |       0 |       0 | 1-117                                                                                                                                                 
 frontend/components/wallet                                                                                        |       0 |        0 |       0 |       0 |                                                                                                                                                       
  WalletBalanceView.tsx                                                                                            |       0 |        0 |       0 |       0 | 1-57                                                                                                                                                  
 frontend/contexts                                                                                                 |       0 |        0 |       0 |       0 |                                                                                                                                                       
  AuthContext.tsx                                                                                                  |       0 |        0 |       0 |       0 | 1-117                                                                                                                                                 
  SocketContext.tsx                                                                                                |       0 |        0 |       0 |       0 | 1-133                                                                                                                                                 
  UserContext.tsx                                                                                                  |       0 |        0 |       0 |       0 | 1-98                                                                                                                                                  
 frontend/hooks                                                                                                    |       0 |        0 |       0 |       0 |                                                                                                                                                       
  useMediaDevices.ts                                                                                               |       0 |        0 |       0 |       0 | 1-33                                                                                                                                                  
  useRankingWebSocket.ts                                                                                           |       0 |        0 |       0 |       0 | 1-207                                                                                                                                                 
  useRewards.ts                                                                                                    |       0 |        0 |       0 |       0 | 1-54                                                                                                                                                  
  useTournament.ts                                                                                                 |       0 |        0 |       0 |       0 | 1-58                                                                                                                                                  
  useTournamentAnalytics.ts                                                                                        |       0 |        0 |       0 |       0 | 1-168                                                                                                                                                 
  useTournamentChat.ts                                                                                             |       0 |        0 |       0 |       0 | 1-157                                                                                                                                                 
  useTournamentNotifications.ts                                                                                    |       0 |        0 |       0 |       0 | 1-111                                                                                                                                                 
  useTournamentRewards.ts                                                                                          |       0 |        0 |       0 |       0 | 1-115                                                                                                                                                 
  useTournaments.ts                                                                                                |       0 |        0 |       0 |       0 | 1-45                                                                                                                                                  
  useUser.ts                                                                                                       |       0 |        0 |       0 |       0 | 1-24                                                                                                                                                  
  useUserStats.ts                                                                                                  |       0 |        0 |       0 |       0 | 1-46                                                                                                                                                  
  useVideoHighlights.ts                                                                                            |       0 |        0 |       0 |       0 | 1-149                                                                                                                                                 
  useWallet.ts                                                                                                     |       0 |        0 |       0 |       0 | 1-84                                                                                                                                                  
 frontend/hooks/services                                                                                           |       0 |        0 |       0 |       0 |                                                                                                                                                       
  useGameResultsService.ts                                                                                         |       0 |        0 |       0 |       0 | 1-71                                                                                                                                                  
  useRewardsService.ts                                                                                             |       0 |        0 |       0 |       0 | 1-62                                                                                                                                                  
  useWalletService.ts                                                                                              |       0 |        0 |       0 |       0 | 1-57                                                                                                                                                  
 frontend/pages                                                                                                    |       0 |        0 |       0 |       0 |                                                                                                                                                       
  avatar.tsx                                                                                                       |       0 |        0 |       0 |       0 | 1-17                                                                                                                                                  
  tournament-register.tsx                                                                                          |       0 |        0 |       0 |       0 | 1-375                                                                                                                                                 
  tournament-results.tsx                                                                                           |       0 |        0 |       0 |       0 | 1-294                                                                                                                                                 
  tournaments.tsx                                                                                                  |       0 |        0 |       0 |       0 | 1-15                                                                                                                                                  
  wallet.tsx                                                                                                       |       0 |        0 |       0 |       0 | 1-43                                                                                                                                                  
 hooks                                                                                                             |       0 |        0 |       0 |       0 |                                                                                                                                                       
  index.ts                                                                                                         |       0 |        0 |       0 |       0 | 1-3                                                                                                                                                   
  useAccessibility.ts                                                                                              |       0 |        0 |       0 |       0 | 1                                                                                                                                                     
  useAuth.ts                                                                                                       |       0 |        0 |       0 |       0 | 1-423                                                                                                                                                 
  useFirestore.ts                                                                                                  |       0 |        0 |       0 |       0 | 1-168                                                                                                                                                 
  useGameRules.ts                                                                                                  |       0 |        0 |       0 |       0 | 1                                                                                                                                                     
  useGameState.ts                                                                                                  |       0 |        0 |       0 |       0 | 1-179                                                                                                                                                 
  useGestures.ts                                                                                                   |       0 |        0 |       0 |       0 | 1-145                                                                                                                                                 
  useInterval.ts                                                                                                   |       0 |        0 |       0 |       0 | 1-19                                                                                                                                                  
  useKeyboardNavigation.ts                                                                                         |       0 |        0 |       0 |       0 | 1-268                                                                                                                                                 
  useNavigable.ts                                                                                                  |       0 |        0 |       0 |       0 | 1-40                                                                                                                                                  
  useNotifications.ts                                                                                              |       0 |        0 |       0 |       0 | 1-115                                                                                                                                                 
  useProfile.ts                                                                                                    |       0 |        0 |       0 |       0 | 1-88                                                                                                                                                  
  useStorage.ts                                                                                                    |       0 |        0 |       0 |       0 | 1-154                                                                                                                                                 
  useWebSocket.ts                                                                                                  |       0 |        0 |       0 |       0 | 1-104                                                                                                                                                 
  useWebSocketWithReconnect.ts                                                                                     |       0 |        0 |       0 |       0 | 1-193                                                                                                                                                 
 middleware                                                                                                        |       0 |        0 |       0 |       0 |                                                                                                                                                       
  analytics.ts                                                                                                     |       0 |        0 |       0 |       0 | 1                                                                                                                                                     
  auth.ts                                                                                                          |       0 |        0 |       0 |       0 | 1-32                                                                                                                                                  
  csrfProtection.ts                                                                                                |       0 |        0 |       0 |       0 | 1-43                                                                                                                                                  
  httpsRedirect.ts                                                                                                 |       0 |        0 |       0 |       0 | 1-34                                                                                                                                                  
  rateLimit.ts                                                                                                     |       0 |        0 |       0 |       0 | 1-55                                                                                                                                                  
  rateLimiter.ts                                                                                                   |       0 |        0 |       0 |       0 | 1-37                                                                                                                                                  
  security.ts                                                                                                      |       0 |        0 |       0 |       0 | 1-130                                                                                                                                                 
  securityHeaders.ts                                                                                               |       0 |        0 |       0 |       0 | 1-46                                                                                                                                                  
  session.ts                                                                                                       |       0 |        0 |       0 |       0 | 1-84                                                                                                                                                  
  withAuth.ts                                                                                                      |       0 |        0 |       0 |       0 | 1-23                                                                                                                                                  
 models                                                                                                            |       0 |        0 |       0 |       0 |                                                                                                                                                       
  AlertHistory.ts                                                                                                  |       0 |        0 |       0 |       0 | 1-82                                                                                                                                                  
 monitoring                                                                                                        |       0 |        0 |       0 |       0 |                                                                                                                                                       
  AlertManager.ts                                                                                                  |       0 |        0 |       0 |       0 | 1-225                                                                                                                                                 
  MonitoringService.ts                                                                                             |       0 |        0 |       0 |       0 | 1-208                                                                                                                                                 
  config.ts                                                                                                        |       0 |        0 |       0 |       0 | 1-96                                                                                                                                                  
  tracing.ts                                                                                                       |       0 |        0 |       0 |       0 | 1-117                                                                                                                                                 
  types.ts                                                                                                         |       0 |        0 |       0 |       0 | 1-50                                                                                                                                                  
 monitoring/alerts                                                                                                 |       0 |        0 |       0 |       0 |                                                                                                                                                       
  AlertManager.ts                                                                                                  |       0 |        0 |       0 |       0 | 1-152                                                                                                                                                 
  NetworkAlertRules.ts                                                                                             |       0 |        0 |       0 |       0 | 1-187                                                                                                                                                 
 monitoring/collectors                                                                                             |       0 |        0 |       0 |       0 |                                                                                                                                                       
  ConsistencyMetricsCollector.ts                                                                                   |       0 |        0 |       0 |       0 | 1-84                                                                                                                                                  
  MetricsCollector.ts                                                                                              |       0 |        0 |       0 |       0 | 1-67                                                                                                                                                  
  NetworkMetricsCollector.ts                                                                                       |       0 |        0 |       0 |       0 | 1-370                                                                                                                                                 
  NetworkPerformanceCollector.ts                                                                                   |       0 |        0 |       0 |       0 | 1-268                                                                                                                                                 
  NodeMetricsCollector.ts                                                                                          |       0 |        0 |       0 |       0 | 1-78                                                                                                                                                  
  PerformanceMetricsCollector.ts                                                                                   |       0 |        0 |       0 |       0 | 1-105                                                                                                                                                 
 monitoring/dashboard                                                                                              |       0 |        0 |       0 |       0 |                                                                                                                                                       
  MonitoringDashboard.tsx                                                                                          |       0 |        0 |       0 |       0 | 1-177                                                                                                                                                 
  types.ts                                                                                                         |       0 |        0 |       0 |       0 | 1-37                                                                                                                                                  
 monitoring/dashboard/components                                                                                   |       0 |        0 |       0 |       0 |                                                                                                                                                       
  AlertsPanel.tsx                                                                                                  |       0 |        0 |       0 |       0 | 1-90                                                                                                                                                  
  MetricsChart.tsx                                                                                                 |       0 |        0 |       0 |       0 | 1-98                                                                                                                                                  
  MetricsPanel.tsx                                                                                                 |       0 |        0 |       0 |       0 | 1-116                                                                                                                                                 
  NetworkMetricsPanel.tsx                                                                                          |       0 |        0 |       0 |       0 | 1-241                                                                                                                                                 
 monitoring/dashboard/utils                                                                                        |       0 |        0 |       0 |       0 |                                                                                                                                                       
  formatters.ts                                                                                                    |       0 |        0 |       0 |       0 | 1-44                                                                                                                                                  
 monitoring/utils                                                                                                  |       0 |        0 |       0 |       0 |                                                                                                                                                       
  formatters.ts                                                                                                    |       0 |        0 |       0 |       0 | 1-69                                                                                                                                                  
 pages                                                                                                             |       0 |        0 |       0 |       0 |                                                                                                                                                       
  Home.js                                                                                                          |       0 |        0 |       0 |       0 | 1-179                                                                                                                                                 
  NotFound.js                                                                                                      |       0 |        0 |       0 |       0 | 1-98                                                                                                                                                  
  Social.tsx                                                                                                       |       0 |        0 |       0 |       0 | 1-44                                                                                                                                                  
  TournamentDetailPage.tsx                                                                                         |       0 |        0 |       0 |       0 | 1-255                                                                                                                                                 
  TournamentsPage.tsx                                                                                              |       0 |        0 |       0 |       0 | 1-17                                                                                                                                                  
 pages/alerts                                                                                                      |       0 |        0 |       0 |       0 |                                                                                                                                                       
  analytics.tsx                                                                                                    |       0 |        0 |       0 |       0 | 1-14                                                                                                                                                  
 pages/api/[collection]                                                                                            |       0 |        0 |       0 |       0 |                                                                                                                                                       
  [...operations].ts                                                                                               |       0 |        0 |       0 |       0 | 1-111                                                                                                                                                 
 pages/api/achievements                                                                                            |       0 |        0 |       0 |       0 |                                                                                                                                                       
  index.ts                                                                                                         |       0 |        0 |       0 |       0 | 1-33                                                                                                                                                  
  leaderboard.ts                                                                                                   |       0 |        0 |       0 |       0 | 1-37                                                                                                                                                  
  progress.ts                                                                                                      |       0 |        0 |       0 |       0 | 1-49                                                                                                                                                  
  user.ts                                                                                                          |       0 |        0 |       0 |       0 | 1-40                                                                                                                                                  
 pages/api/alerts                                                                                                  |       0 |        0 |       0 |       0 |                                                                                                                                                       
  analytics.ts                                                                                                     |       0 |        0 |       0 |       0 | 1-45                                                                                                                                                  
  index.ts                                                                                                         |       0 |        0 |       0 |       0 | 1-60                                                                                                                                                  
 pages/api/analytics                                                                                               |       0 |        0 |       0 |       0 |                                                                                                                                                       
  index.ts                                                                                                         |       0 |        0 |       0 |       0 | 1-48                                                                                                                                                  
 pages/api/auth                                                                                                    |       0 |        0 |       0 |       0 |                                                                                                                                                       
  [...auth].ts                                                                                                     |       0 |        0 |       0 |       0 | 1-69                                                                                                                                                  
  [...nextauth].ts                                                                                                 |       0 |        0 |       0 |       0 | 1-60                                                                                                                                                  
  forgot-password.ts                                                                                               |       0 |        0 |       0 |       0 | 1-50                                                                                                                                                  
  login.ts                                                                                                         |       0 |        0 |       0 |       0 | 1-52                                                                                                                                                  
  register.ts                                                                                                      |       0 |        0 |       0 |       0 | 1-71                                                                                                                                                  
  reset-password.ts                                                                                                |       0 |        0 |       0 |       0 | 1-70                                                                                                                                                  
  validate-reset-token.ts                                                                                          |       0 |        0 |       0 |       0 | 1-38                                                                                                                                                  
 pages/api/auth/2fa                                                                                                |       0 |        0 |       0 |       0 |                                                                                                                                                       
  enable.ts                                                                                                        |       0 |        0 |       0 |       0 | 1-42                                                                                                                                                  
  setup.ts                                                                                                         |       0 |        0 |       0 |       0 | 1-35                                                                                                                                                  
  verify.ts                                                                                                        |       0 |        0 |       0 |       0 | 1-51                                                                                                                                                  
 pages/api/cdn                                                                                                     |       0 |        0 |       0 |       0 |                                                                                                                                                       
  analytics.ts                                                                                                     |       0 |        0 |       0 |       0 | 1-29                                                                                                                                                  
  cache.ts                                                                                                         |       0 |        0 |       0 |       0 | 1-29                                                                                                                                                  
  cost.ts                                                                                                          |       0 |        0 |       0 |       0 | 1-34                                                                                                                                                  
  health.ts                                                                                                        |       0 |        0 |       0 |       0 | 1-29                                                                                                                                                  
  image.ts                                                                                                         |       0 |        0 |       0 |       0 | 1                                                                                                                                                     
 pages/api/games                                                                                                   |       0 |        0 |       0 |       0 |                                                                                                                                                       
  [id].ts                                                                                                          |       0 |        0 |       0 |       0 | 1-316                                                                                                                                                 
 pages/api/leaderboard                                                                                             |       0 |        0 |       0 |       0 |                                                                                                                                                       
  get.ts                                                                                                           |       0 |        0 |       0 |       0 | 1-49                                                                                                                                                  
  user-stats.ts                                                                                                    |       0 |        0 |       0 |       0 | 1-41                                                                                                                                                  
 pages/api/monitoring                                                                                              |       0 |        0 |       0 |       0 |                                                                                                                                                       
  performance.ts                                                                                                   |       0 |        0 |       0 |       0 | 1-47                                                                                                                                                  
 pages/api/optimization                                                                                            |       0 |        0 |       0 |       0 |                                                                                                                                                       
  api.ts                                                                                                           |       0 |        0 |       0 |       0 | 1-56                                                                                                                                                  
  bundle.ts                                                                                                        |       0 |        0 |       0 |       0 | 1-66                                                                                                                                                  
  image.ts                                                                                                         |       0 |        0 |       0 |       0 | 1-81                                                                                                                                                  
  query.ts                                                                                                         |       0 |        0 |       0 |       0 | 1-50                                                                                                                                                  
 pages/api/performance                                                                                             |       0 |        0 |       0 |       0 |                                                                                                                                                       
  history.ts                                                                                                       |       0 |        0 |       0 |       0 | 1-41                                                                                                                                                  
 pages/api/profile                                                                                                 |       0 |        0 |       0 |       0 |                                                                                                                                                       
  avatar.ts                                                                                                        |       0 |        0 |       0 |       0 | 1-35                                                                                                                                                  
  index.ts                                                                                                         |       0 |        0 |       0 |       0 | 1-51                                                                                                                                                  
 pages/api/security                                                                                                |       0 |        0 |       0 |       0 |                                                                                                                                                       
  audit.ts                                                                                                         |       0 |        0 |       0 |       0 | 1-28                                                                                                                                                  
 pages/api/settings                                                                                                |       0 |        0 |       0 |       0 |                                                                                                                                                       
  index.ts                                                                                                         |       0 |        0 |       0 |       0 | 1-77                                                                                                                                                  
 pages/api/social                                                                                                  |       0 |        0 |       0 |       0 |                                                                                                                                                       
  feed.ts                                                                                                          |       0 |        0 |       0 |       0 | 1-49                                                                                                                                                  
  friend-request.ts                                                                                                |       0 |        0 |       0 |       0 | 1-42                                                                                                                                                  
  friend-response.ts                                                                                               |       0 |        0 |       0 |       0 | 1-48                                                                                                                                                  
  friends.ts                                                                                                       |       0 |        0 |       0 |       0 | 1-44                                                                                                                                                  
  share.ts                                                                                                         |       0 |        0 |       0 |       0 | 1-132                                                                                                                                                 
  shared-content.ts                                                                                                |       0 |        0 |       0 |       0 | 1-66                                                                                                                                                  
  user-activities.ts                                                                                               |       0 |        0 |       0 |       0 | 1-59                                                                                                                                                  
 pages/api/storage                                                                                                 |       0 |        0 |       0 |       0 |                                                                                                                                                       
  [...operations].ts                                                                                               |       0 |        0 |       0 |       0 | 1-117                                                                                                                                                 
 pages/api/tournaments                                                                                             |       0 |        0 |       0 |       0 |                                                                                                                                                       
  create.ts                                                                                                        |       0 |        0 |       0 |       0 | 1-73                                                                                                                                                  
  generate-bracket.ts                                                                                              |       0 |        0 |       0 |       0 | 1-44                                                                                                                                                  
  register.ts                                                                                                      |       0 |        0 |       0 |       0 | 1-42                                                                                                                                                  
  status.ts                                                                                                        |       0 |        0 |       0 |       0 | 1-41                                                                                                                                                  
  update-match.ts                                                                                                  |       0 |        0 |       0 |       0 | 1-47                                                                                                                                                  
 pages/auth                                                                                                        |       0 |        0 |       0 |       0 |                                                                                                                                                       
  complete-profile.tsx                                                                                             |       0 |        0 |       0 |       0 | 1-27                                                                                                                                                  
  forgot-password.tsx                                                                                              |       0 |        0 |       0 |       0 | 1-139                                                                                                                                                 
  register.tsx                                                                                                     |       0 |        0 |       0 |       0 | 1-15                                                                                                                                                  
  reset-password.tsx                                                                                               |       0 |        0 |       0 |       0 | 1-201                                                                                                                                                 
  update-password.tsx                                                                                              |       0 |        0 |       0 |       0 | 1-192                                                                                                                                                 
  verify-email.tsx                                                                                                 |       0 |        0 |       0 |       0 | 1-117                                                                                                                                                 
 pages/dashboard                                                                                                   |       0 |        0 |       0 |       0 |                                                                                                                                                       
  index.tsx                                                                                                        |       0 |        0 |       0 |       0 | 1-93                                                                                                                                                  
 pages/game                                                                                                        |       0 |        0 |       0 |       0 |                                                                                                                                                       
  [id].tsx                                                                                                         |       0 |        0 |       0 |       0 | 1-789                                                                                                                                                 
 pages/game/[id]                                                                                                   |       0 |        0 |       0 |       0 |                                                                                                                                                       
  results.tsx                                                                                                      |       0 |        0 |       0 |       0 | 1-95                                                                                                                                                  
 pages/profile                                                                                                     |       0 |        0 |       0 |       0 |                                                                                                                                                       
  edit.tsx                                                                                                         |       0 |        0 |       0 |       0 | 1-253                                                                                                                                                 
  index.tsx                                                                                                        |       0 |        0 |       0 |       0 | 1-179                                                                                                                                                 
 pages/settings                                                                                                    |       0 |        0 |       0 |       0 |                                                                                                                                                       
  index.tsx                                                                                                        |       0 |        0 |       0 |       0 | 1-719                                                                                                                                                 
 pages/social                                                                                                      |       0 |        0 |       0 |       0 |                                                                                                                                                       
  shares.tsx                                                                                                       |       0 |        0 |       0 |       0 | 1-174                                                                                                                                                 
 performance                                                                                                       |       0 |        0 |       0 |       0 |                                                                                                                                                       
  load_generator.ts                                                                                                |       0 |        0 |       0 |       0 | 1                                                                                                                                                     
  metrics_collector.ts                                                                                             |       0 |        0 |       0 |       0 | 1                                                                                                                                                     
  setup.ts                                                                                                         |       0 |        0 |       0 |       0 | 1-80                                                                                                                                                  
  test_scenarios.ts                                                                                                |       0 |        0 |       0 |       0 | 1                                                                                                                                                     
 performance/load-tests                                                                                            |       0 |        0 |       0 |       0 |                                                                                                                                                       
  main.js                                                                                                          |       0 |        0 |       0 |       0 | 1-91                                                                                                                                                  
 performance/scripts                                                                                               |       0 |        0 |       0 |       0 |                                                                                                                                                       
  check-thresholds.js                                                                                              |       0 |        0 |       0 |       0 | 1-87                                                                                                                                                  
  generate-report.js                                                                                               |       0 |        0 |       0 |       0 | 1-203                                                                                                                                                 
 screens/auth                                                                                                      |       0 |        0 |       0 |       0 |                                                                                                                                                       
  LoginScreen.tsx                                                                                                  |       0 |        0 |       0 |       0 | 1                                                                                                                                                     
 scripts                                                                                                           |       0 |        0 |       0 |       0 |                                                                                                                                                       
  generateAppStoreAssets.ts                                                                                        |       0 |        0 |       0 |       0 | 1-68                                                                                                                                                  
  generateScreenshots.js                                                                                           |       0 |        0 |       0 |       0 | 1-1057                                                                                                                                                
  generateScreenshots.ts                                                                                           |       0 |        0 |       0 |       0 | 1-94                                                                                                                                                  
  generateScreenshots.tsx                                                                                          |       0 |        0 |       0 |       0 | 1-105                                                                                                                                                 
 security                                                                                                          |       0 |        0 |       0 |       0 |                                                                                                                                                       
  monitoring.ts                                                                                                    |       0 |        0 |       0 |       0 | 1-352                                                                                                                                                 
 services                                                                                                          |       0 |        0 |       0 |       0 |                                                                                                                                                       
  AlertHistoryService.ts                                                                                           |       0 |        0 |       0 |       0 | 1-306                                                                                                                                                 
  CacheService.ts                                                                                                  |       0 |        0 |       0 |       0 | 1-126                                                                                                                                                 
  DependencyPerformanceMonitor.ts                                                                                  |       0 |        0 |       0 |       0 | 1-260                                                                                                                                                 
  ErrorLoggingService.ts                                                                                           |       0 |        0 |       0 |       0 | 1-114                                                                                                                                                 
  FeedbackService.ts                                                                                               |       0 |        0 |       0 |       0 | 1-106                                                                                                                                                 
  MemoryProfilerService.ts                                                                                         |       0 |        0 |       0 |       0 | 1-165                                                                                                                                                 
  OfflineStorageService.ts                                                                                         |       0 |        0 |       0 |       0 | 1-101                                                                                                                                                 
  PerformanceMonitor.ts                                                                                            |       0 |        0 |       0 |       0 | 1-266                                                                                                                                                 
  SecurityService.ts                                                                                               |       0 |        0 |       0 |       0 | 1-315                                                                                                                                                 
  WebSocketService.ts                                                                                              |       0 |        0 |       0 |       0 | 1-156                                                                                                                                                 
  api.ts                                                                                                           |       0 |        0 |       0 |       0 | 1-50                                                                                                                                                  
 services/ai                                                                                                       |       0 |        0 |       0 |       0 |                                                                                                                                                       
  AIRefereeService.ts                                                                                              |       0 |        0 |       0 |       0 | 1-129                                                                                                                                                 
  SkyT1Service.ts                                                                                                  |       0 |        0 |       0 |       0 | 1-213                                                                                                                                                 
  skyT1Client.ts                                                                                                   |       0 |        0 |       0 |       0 | 1-184                                                                                                                                                 
 services/analytics                                                                                                |       0 |        0 |       0 |       0 |                                                                                                                                                       
  AnalyticsService.ts                                                                                              |       0 |        0 |       0 |       0 | 1-341                                                                                                                                                 
 services/auth                                                                                                     |       0 |        0 |       0 |       0 |                                                                                                                                                       
  AuthService.ts                                                                                                   |       0 |        0 |       0 |       0 | 1-55                                                                                                                                                  
  session.ts                                                                                                       |       0 |        0 |       0 |       0 | 1-34                                                                                                                                                  
 services/backup                                                                                                   |       0 |        0 |       0 |       0 |                                                                                                                                                       
  BackupService.ts                                                                                                 |       0 |        0 |       0 |       0 | 1-269                                                                                                                                                 
 services/cdn                                                                                                      |       0 |        0 |       0 |       0 |                                                                                                                                                       
  cost_optimizer.ts                                                                                                |       0 |        0 |       0 |       0 | 1-26                                                                                                                                                  
 services/database                                                                                                 |       0 |        0 |       0 |       0 |                                                                                                                                                       
  GameService.ts                                                                                                   |       0 |        0 |       0 |       0 | 1-129                                                                                                                                                 
  MatchService.ts                                                                                                  |       0 |        0 |       0 |       0 | 1-100                                                                                                                                                 
  ProfileService.ts                                                                                                |       0 |        0 |       0 |       0 | 1-50                                                                                                                                                  
  TournamentService.ts                                                                                             |       0 |        0 |       0 |       0 | 1-132                                                                                                                                                 
  UserService.ts                                                                                                   |       0 |        0 |       0 |       0 | 1-40                                                                                                                                                  
  UserSettingsService.ts                                                                                           |       0 |        0 |       0 |       0 | 1-67                                                                                                                                                  
  VenueService.ts                                                                                                  |       0 |        0 |       0 |       0 | 1-101                                                                                                                                                 
 services/gameSession                                                                                              |       0 |        0 |       0 |       0 |                                                                                                                                                       
  GameService.ts                                                                                                   |       0 |        0 |       0 |       0 | 1-108                                                                                                                                                 
 services/notifications                                                                                            |       0 |        0 |       0 |       0 |                                                                                                                                                       
  PerformanceNotificationService.ts                                                                                |       0 |        0 |       0 |       0 | 1-200                                                                                                                                                 
 services/social                                                                                                   |       0 |        0 |       0 |       0 |                                                                                                                                                       
  SocialService.ts                                                                                                 |       0 |        0 |       0 |       0 | 1-31                                                                                                                                                  
 services/tournament                                                                                               |       0 |        0 |       0 |       0 |                                                                                                                                                       
  TournamentService.ts                                                                                             |       0 |        0 |       0 |       0 | 1-224                                                                                                                                                 
  tournament.ts                                                                                                    |       0 |        0 |       0 |       0 | 1-62                                                                                                                                                  
 services/venue                                                                                                    |       0 |        0 |       0 |       0 |                                                                                                                                                       
  VenueService.ts                                                                                                  |       0 |        0 |       0 |       0 | 1-30                                                                                                                                                  
 services/wallet                                                                                                   |       0 |        0 |       0 |       0 |                                                                                                                                                       
  WalletService.ts                                                                                                 |       0 |        0 |       0 |       0 | 1-67                                                                                                                                                  
 testing/chaos                                                                                                     |       0 |        0 |       0 |       0 |                                                                                                                                                       
  ChaosTestRunner.ts                                                                                               |       0 |        0 |       0 |       0 | 1-213                                                                                                                                                 
 tests                                                                                                             |       0 |        0 |       0 |       0 |                                                                                                                                                       
  test-utils.ts                                                                                                    |       0 |        0 |       0 |       0 | 1-22                                                                                                                                                  
  test_social_feed.tsx                                                                                             |       0 |        0 |       0 |       0 | 1                                                                                                                                                     
 tests/a11y                                                                                                        |       0 |        0 |       0 |       0 |                                                                                                                                                       
  config.ts                                                                                                        |       0 |        0 |       0 |       0 | 1-174                                                                                                                                                 
 tests/benchmarks                                                                                                  |       0 |        0 |       0 |       0 |                                                                                                                                                       
  NetworkRegressionTest.ts                                                                                         |       0 |        0 |       0 |       0 | 1-206                                                                                                                                                 
  NetworkTransport.bench.ts                                                                                        |       0 |        0 |       0 |       0 | 1-359                                                                                                                                                 
 tests/helpers                                                                                                     |       0 |        0 |       0 |       0 |                                                                                                                                                       
  auth.ts                                                                                                          |       0 |        0 |       0 |       0 | 1-30                                                                                                                                                  
 tests/performance                                                                                                 |       0 |        0 |       0 |       0 |                                                                                                                                                       
  load-test.js                                                                                                     |       0 |        0 |       0 |       0 | 1-136                                                                                                                                                 
 tests/scalability                                                                                                 |       0 |        0 |       0 |       0 |                                                                                                                                                       
  config.ts                                                                                                        |       0 |        0 |       0 |       0 | 1-191                                                                                                                                                 
  runner.ts                                                                                                        |       0 |        0 |       0 |       0 | 1-397                                                                                                                                                 
 tests/unit/utils                                                                                                  |       0 |        0 |       0 |       0 |                                                                                                                                                       
  test-utils.tsx                                                                                                   |       0 |        0 |       0 |       0 | 1-98                                                                                                                                                  
 tournament                                                                                                        |       0 |        0 |       0 |       0 |                                                                                                                                                       
  DoubleEliminationTournament.ts                                                                                   |       0 |        0 |       0 |       0 | 1-212                                                                                                                                                 
  TournamentFactory.ts                                                                                             |       0 |        0 |       0 |       0 | 1-26                                                                                                                                                  
  TournamentService.ts                                                                                             |       0 |        0 |       0 |       0 | 1-113                                                                                                                                                 
  types.ts                                                                                                         |       0 |        0 |       0 |       0 | 1-82                                                                                                                                                  
 types                                                                                                             |       0 |        0 |       0 |       0 |                                                                                                                                                       
  achievement.ts                                                                                                   |       0 |        0 |       0 |       0 | 1-51                                                                                                                                                  
  alert.ts                                                                                                         |       0 |        0 |       0 |       0 | 1-32                                                                                                                                                  
  backup.ts                                                                                                        |       0 |        0 |       0 |       0 | 1-32                                                                                                                                                  
  cache.ts                                                                                                         |       0 |        0 |       0 |       0 | 1-4                                                                                                                                                   
  consistency.ts                                                                                                   |       0 |        0 |       0 |       0 | 1-103                                                                                                                                                 
  game.ts                                                                                                          |       0 |        0 |       0 |       0 | 1-123                                                                                                                                                 
  geometry.ts                                                                                                      |       0 |        0 |       0 |       0 | 1-20                                                                                                                                                  
  match.ts                                                                                                         |       0 |        0 |       0 |       0 | 1-30                                                                                                                                                  
  monitoring.ts                                                                                                    |       0 |        0 |       0 |       0 | 1-86                                                                                                                                                  
  nft.ts                                                                                                           |       0 |        0 |       0 |       0 | 1-15                                                                                                                                                  
  performance.ts                                                                                                   |       0 |        0 |       0 |       0 | 1                                                                                                                                                     
  profile.ts                                                                                                       |       0 |        0 |       0 |       0 | 1-12                                                                                                                                                  
  python.d.ts                                                                                                      |       0 |        0 |       0 |       0 | 1-48                                                                                                                                                  
  react-dom-server.d.ts                                                                                            |       0 |        0 |       0 |       0 | 1-11                                                                                                                                                  
  react-window.d.ts                                                                                                |       0 |        0 |       0 |       0 | 1-43                                                                                                                                                  
  rewards.ts                                                                                                       |       0 |        0 |       0 |       0 | 1-20                                                                                                                                                  
  share.ts                                                                                                         |       0 |        0 |       0 |       0 | 1-24                                                                                                                                                  
  tournament.ts                                                                                                    |       0 |        0 |       0 |       0 | 1-75                                                                                                                                                  
  user.ts                                                                                                          |       0 |        0 |       0 |       0 | 1-33                                                                                                                                                  
  venue.ts                                                                                                         |       0 |        0 |       0 |       0 | 1-22                                                                                                                                                  
  wallet.ts                                                                                                        |       0 |        0 |       0 |       0 | 1-55                                                                                                                                                  
 utils                                                                                                             |       0 |        0 |       0 |       0 |                                                                                                                                                       
  analyticsUtils.ts                                                                                                |       0 |        0 |       0 |       0 | 1-81                                                                                                                                                  
  apiUtils.ts                                                                                                      |       0 |        0 |       0 |       0 | 1-67                                                                                                                                                  
  appStoreUtils.ts                                                                                                 |       0 |        0 |       0 |       0 | 1-82                                                                                                                                                  
  canvas.ts                                                                                                        |       0 |        0 |       0 |       0 | 1-58                                                                                                                                                  
  encryption.ts                                                                                                    |       0 |        0 |       0 |       0 | 1-53                                                                                                                                                  
  format.ts                                                                                                        |       0 |        0 |       0 |       0 | 1-50                                                                                                                                                  
  formatters.ts                                                                                                    |       0 |        0 |       0 |       0 | 1-55                                                                                                                                                  
  logger.ts                                                                                                        |       0 |        0 |       0 |       0 | 1-30                                                                                                                                                  
  monitoring.ts                                                                                                    |       0 |        0 |       0 |       0 | 1-59                                                                                                                                                  
  physics.ts                                                                                                       |       0 |        0 |       0 |       0 | 1-198                                                                                                                                                 
  sanitization.ts                                                                                                  |       0 |        0 |       0 |       0 | 1-98                                                                                                                                                  
  validation.ts                                                                                                    |       0 |        0 |       0 |       0 | 1-176                                                                                                                                                 
 validation                                                                                                        |       0 |        0 |       0 |       0 |                                                                                                                                                       
  schemas.ts                                                                                                       |       0 |        0 |       0 |       0 | 1-39                                                                                                                                                  
 verification                                                                                                      |       0 |        0 |       0 |       0 |                                                                                                                                                       
  invariants.ts                                                                                                    |       0 |        0 |       0 |       0 | 1-151                                                                                                                                                 
-------------------------------------------------------------------------------------------------------------------|---------|----------|---------|---------|-------------------------------------------------------------------------------------------------------------------------------------------------------
Test Suites: 1 failed, 1 total
Tests:       4 failed, 1 passed, 5 total
Snapshots:   0 total
Time:        21.591 s
Ran all test suites matching /src\\core\\network\\__tests__\\NetworkErrorRecovery.test.ts/i.
